Archive member included to satisfy reference by file (symbol)

c:/program files (x86)/avr-gcc-12.0.1/bin/../lib/gcc/avr/12.1.0/avr6\libgcc.a(_divmodhi4.o)
                              obj\Debug\main.o (__divmodhi4)
c:/program files (x86)/avr-gcc-12.0.1/bin/../lib/gcc/avr/12.1.0/avr6\libgcc.a(_divmodsi4.o)
                              obj\Debug\H_bridge_1.o (__divmodsi4)
c:/program files (x86)/avr-gcc-12.0.1/bin/../lib/gcc/avr/12.1.0/avr6\libgcc.a(_negsi2.o)
                              c:/program files (x86)/avr-gcc-12.0.1/bin/../lib/gcc/avr/12.1.0/avr6\libgcc.a(_divmodsi4.o) (__negsi2)
c:/program files (x86)/avr-gcc-12.0.1/bin/../lib/gcc/avr/12.1.0/avr6\libgcc.a(_exit.o)
                              c:/program files (x86)/avr-gcc-12.0.1/bin/../lib/gcc/avr/12.1.0/../../../../avr/lib/avr6/crtatmega2560.o (exit)
c:/program files (x86)/avr-gcc-12.0.1/bin/../lib/gcc/avr/12.1.0/avr6\libgcc.a(_copy_data.o)
                              obj\Debug\main.o (__do_copy_data)
c:/program files (x86)/avr-gcc-12.0.1/bin/../lib/gcc/avr/12.1.0/avr6\libgcc.a(_clear_bss.o)
                              obj\Debug\Gyro.o (__do_clear_bss)
c:/program files (x86)/avr-gcc-12.0.1/bin/../lib/gcc/avr/12.1.0/avr6\libgcc.a(_umulhisi3.o)
                              obj\Debug\main.o (__umulhisi3)
c:/program files (x86)/avr-gcc-12.0.1/bin/../lib/gcc/avr/12.1.0/avr6\libgcc.a(_muluhisi3.o)
                              obj\Debug\H_bridge_1.o (__muluhisi3)
c:/program files (x86)/avr-gcc-12.0.1/bin/../lib/gcc/avr/12.1.0/avr6\libgcc.a(_udivmodhi4.o)
                              c:/program files (x86)/avr-gcc-12.0.1/bin/../lib/gcc/avr/12.1.0/avr6\libgcc.a(_divmodhi4.o) (__udivmodhi4)
c:/program files (x86)/avr-gcc-12.0.1/bin/../lib/gcc/avr/12.1.0/avr6\libgcc.a(_udivmodsi4.o)
                              c:/program files (x86)/avr-gcc-12.0.1/bin/../lib/gcc/avr/12.1.0/avr6\libgcc.a(_divmodsi4.o) (__udivmodsi4)
c:/program files (x86)/avr-gcc-12.0.1/bin/../lib/gcc/avr/12.1.0/../../../../avr/lib/avr6\libm.a(addsf3.o)
                              obj\Debug\main.o (__subsf3)
c:/program files (x86)/avr-gcc-12.0.1/bin/../lib/gcc/avr/12.1.0/../../../../avr/lib/avr6\libm.a(addsf3x.o)
                              c:/program files (x86)/avr-gcc-12.0.1/bin/../lib/gcc/avr/12.1.0/../../../../avr/lib/avr6\libm.a(addsf3.o) (__addsf3x)
c:/program files (x86)/avr-gcc-12.0.1/bin/../lib/gcc/avr/12.1.0/../../../../avr/lib/avr6\libm.a(cmpsf2.o)
                              obj\Debug\main.o (__ltsf2)
c:/program files (x86)/avr-gcc-12.0.1/bin/../lib/gcc/avr/12.1.0/../../../../avr/lib/avr6\libm.a(divsf3.o)
                              obj\Debug\Gyro.o (__divsf3)
c:/program files (x86)/avr-gcc-12.0.1/bin/../lib/gcc/avr/12.1.0/../../../../avr/lib/avr6\libm.a(divsf3x.o)
                              c:/program files (x86)/avr-gcc-12.0.1/bin/../lib/gcc/avr/12.1.0/../../../../avr/lib/avr6\libm.a(divsf3.o) (__divsf3x)
c:/program files (x86)/avr-gcc-12.0.1/bin/../lib/gcc/avr/12.1.0/../../../../avr/lib/avr6\libm.a(fixsfsi.o)
                              obj\Debug\main.o (__fixsfsi)
c:/program files (x86)/avr-gcc-12.0.1/bin/../lib/gcc/avr/12.1.0/../../../../avr/lib/avr6\libm.a(fixunssfsi.o)
                              obj\Debug\main.o (__fixunssfsi)
c:/program files (x86)/avr-gcc-12.0.1/bin/../lib/gcc/avr/12.1.0/../../../../avr/lib/avr6\libm.a(floatsisf.o)
                              obj\Debug\Gyro.o (__floatsisf)
c:/program files (x86)/avr-gcc-12.0.1/bin/../lib/gcc/avr/12.1.0/../../../../avr/lib/avr6\libm.a(fp_cmp.o)
                              c:/program files (x86)/avr-gcc-12.0.1/bin/../lib/gcc/avr/12.1.0/../../../../avr/lib/avr6\libm.a(cmpsf2.o) (__fp_cmp)
c:/program files (x86)/avr-gcc-12.0.1/bin/../lib/gcc/avr/12.1.0/../../../../avr/lib/avr6\libm.a(fp_inf.o)
                              c:/program files (x86)/avr-gcc-12.0.1/bin/../lib/gcc/avr/12.1.0/../../../../avr/lib/avr6\libm.a(addsf3x.o) (__fp_inf)
c:/program files (x86)/avr-gcc-12.0.1/bin/../lib/gcc/avr/12.1.0/../../../../avr/lib/avr6\libm.a(fp_nan.o)
                              c:/program files (x86)/avr-gcc-12.0.1/bin/../lib/gcc/avr/12.1.0/../../../../avr/lib/avr6\libm.a(addsf3x.o) (__fp_nan)
c:/program files (x86)/avr-gcc-12.0.1/bin/../lib/gcc/avr/12.1.0/../../../../avr/lib/avr6\libm.a(fp_pscA.o)
                              c:/program files (x86)/avr-gcc-12.0.1/bin/../lib/gcc/avr/12.1.0/../../../../avr/lib/avr6\libm.a(addsf3x.o) (__fp_pscA)
c:/program files (x86)/avr-gcc-12.0.1/bin/../lib/gcc/avr/12.1.0/../../../../avr/lib/avr6\libm.a(fp_pscB.o)
                              c:/program files (x86)/avr-gcc-12.0.1/bin/../lib/gcc/avr/12.1.0/../../../../avr/lib/avr6\libm.a(addsf3x.o) (__fp_pscB)
c:/program files (x86)/avr-gcc-12.0.1/bin/../lib/gcc/avr/12.1.0/../../../../avr/lib/avr6\libm.a(fp_round.o)
                              c:/program files (x86)/avr-gcc-12.0.1/bin/../lib/gcc/avr/12.1.0/../../../../avr/lib/avr6\libm.a(addsf3.o) (__fp_round)
c:/program files (x86)/avr-gcc-12.0.1/bin/../lib/gcc/avr/12.1.0/../../../../avr/lib/avr6\libm.a(fp_split3.o)
                              c:/program files (x86)/avr-gcc-12.0.1/bin/../lib/gcc/avr/12.1.0/../../../../avr/lib/avr6\libm.a(addsf3x.o) (__fp_split3)
c:/program files (x86)/avr-gcc-12.0.1/bin/../lib/gcc/avr/12.1.0/../../../../avr/lib/avr6\libm.a(fp_zero.o)
                              c:/program files (x86)/avr-gcc-12.0.1/bin/../lib/gcc/avr/12.1.0/../../../../avr/lib/avr6\libm.a(addsf3x.o) (__fp_zero)
c:/program files (x86)/avr-gcc-12.0.1/bin/../lib/gcc/avr/12.1.0/../../../../avr/lib/avr6\libm.a(gesf2.o)
                              obj\Debug\main.o (__gtsf2)
c:/program files (x86)/avr-gcc-12.0.1/bin/../lib/gcc/avr/12.1.0/../../../../avr/lib/avr6\libm.a(mulsf3.o)
                              obj\Debug\Gyro.o (__mulsf3)
c:/program files (x86)/avr-gcc-12.0.1/bin/../lib/gcc/avr/12.1.0/../../../../avr/lib/avr6\libm.a(mulsf3x.o)
                              c:/program files (x86)/avr-gcc-12.0.1/bin/../lib/gcc/avr/12.1.0/../../../../avr/lib/avr6\libm.a(mulsf3.o) (__mulsf3x)

Memory Configuration

Name             Origin             Length             Attributes
text             0x0000000000000000 0x0000000000100000 xr
data             0x0000000000800200 0x000000000000fe00 rw !x
eeprom           0x0000000000810000 0x0000000000010000 rw !x
fuse             0x0000000000820000 0x0000000000000003 rw !x
lock             0x0000000000830000 0x0000000000000400 rw !x
signature        0x0000000000840000 0x0000000000000400 rw !x
user_signatures  0x0000000000850000 0x0000000000000400 rw !x
*default*        0x0000000000000000 0xffffffffffffffff

Linker script and memory map

Address of section .data set to 0x800200
LOAD c:/program files (x86)/avr-gcc-12.0.1/bin/../lib/gcc/avr/12.1.0/../../../../avr/lib/avr6/crtatmega2560.o
LOAD obj\Debug\fuse.o
LOAD obj\Debug\Gyro.o
LOAD obj\Debug\H_bridge_1.o
LOAD obj\Debug\H_bridge_2.o
LOAD obj\Debug\main.o
LOAD obj\Debug\Ultra_Sonic_Front.o
START GROUP
LOAD c:/program files (x86)/avr-gcc-12.0.1/bin/../lib/gcc/avr/12.1.0/avr6\libgcc.a
LOAD c:/program files (x86)/avr-gcc-12.0.1/bin/../lib/gcc/avr/12.1.0/../../../../avr/lib/avr6\libm.a
LOAD c:/program files (x86)/avr-gcc-12.0.1/bin/../lib/gcc/avr/12.1.0/../../../../avr/lib/avr6\libc.a
LOAD c:/program files (x86)/avr-gcc-12.0.1/bin/../lib/gcc/avr/12.1.0/../../../../avr/lib/avr6\libatmega2560.a
END GROUP
                0x0000000000100000                __TEXT_REGION_LENGTH__ = DEFINED (__TEXT_REGION_LENGTH__)?__TEXT_REGION_LENGTH__:0x100000
                0x000000000000fe00                __DATA_REGION_LENGTH__ = DEFINED (__DATA_REGION_LENGTH__)?__DATA_REGION_LENGTH__:0xfe00
                0x0000000000010000                __EEPROM_REGION_LENGTH__ = DEFINED (__EEPROM_REGION_LENGTH__)?__EEPROM_REGION_LENGTH__:0x10000
                [0x0000000000000003]                __FUSE_REGION_LENGTH__ = DEFINED (__FUSE_REGION_LENGTH__)?__FUSE_REGION_LENGTH__:0x400
                0x0000000000000400                __LOCK_REGION_LENGTH__ = DEFINED (__LOCK_REGION_LENGTH__)?__LOCK_REGION_LENGTH__:0x400
                0x0000000000000400                __SIGNATURE_REGION_LENGTH__ = DEFINED (__SIGNATURE_REGION_LENGTH__)?__SIGNATURE_REGION_LENGTH__:0x400
                0x0000000000000400                __USER_SIGNATURE_REGION_LENGTH__ = DEFINED (__USER_SIGNATURE_REGION_LENGTH__)?__USER_SIGNATURE_REGION_LENGTH__:0x400

.hash
 *(.hash)

.dynsym
 *(.dynsym)

.dynstr
 *(.dynstr)

.gnu.version
 *(.gnu.version)

.gnu.version_d
 *(.gnu.version_d)

.gnu.version_r
 *(.gnu.version_r)

.rel.init
 *(.rel.init)

.rela.init
 *(.rela.init)

.rel.text
 *(.rel.text)
 *(.rel.text.*)
 *(.rel.gnu.linkonce.t*)

.rela.text
 *(.rela.text)
 *(.rela.text.*)
 *(.rela.gnu.linkonce.t*)

.rel.fini
 *(.rel.fini)

.rela.fini
 *(.rela.fini)

.rel.rodata
 *(.rel.rodata)
 *(.rel.rodata.*)
 *(.rel.gnu.linkonce.r*)

.rela.rodata
 *(.rela.rodata)
 *(.rela.rodata.*)
 *(.rela.gnu.linkonce.r*)

.rel.data
 *(.rel.data)
 *(.rel.data.*)
 *(.rel.gnu.linkonce.d*)

.rela.data
 *(.rela.data)
 *(.rela.data.*)
 *(.rela.gnu.linkonce.d*)

.rel.ctors
 *(.rel.ctors)

.rela.ctors
 *(.rela.ctors)

.rel.dtors
 *(.rel.dtors)

.rela.dtors
 *(.rela.dtors)

.rel.got
 *(.rel.got)

.rela.got
 *(.rela.got)

.rel.bss
 *(.rel.bss)

.rela.bss
 *(.rela.bss)

.rel.plt
 *(.rel.plt)

.rela.plt
 *(.rela.plt)

.text           0x0000000000000000     0x2aa2
 *(.vectors)
 .vectors       0x0000000000000000       0xe4 c:/program files (x86)/avr-gcc-12.0.1/bin/../lib/gcc/avr/12.1.0/../../../../avr/lib/avr6/crtatmega2560.o
                0x0000000000000000                __vector_default
                0x0000000000000000                __vectors
 *(.vectors)
 *(.progmem.gcc*)
                0x00000000000000e4                . = ALIGN (0x2)
                0x00000000000000e4                __trampolines_start = .
 *(.trampolines)
 .trampolines   0x00000000000000e4        0x0 linker stubs
 *(.trampolines*)
                0x00000000000000e4                __trampolines_end = .
 *libprintf_flt.a:*(.progmem.data)
 *libc.a:*(.progmem.data)
 *(.progmem.*)
                0x00000000000000e4                . = ALIGN (0x2)
 *(.lowtext)
 *(.lowtext*)
                0x00000000000000e4                __ctors_start = .
 *(.ctors)
                0x00000000000000e4                __ctors_end = .
                0x00000000000000e4                __dtors_start = .
 *(.dtors)
                0x00000000000000e4                __dtors_end = .
 SORT_BY_NAME(*)(.ctors)
 SORT_BY_NAME(*)(.dtors)
 *(.init0)
 .init0         0x00000000000000e4        0x0 c:/program files (x86)/avr-gcc-12.0.1/bin/../lib/gcc/avr/12.1.0/../../../../avr/lib/avr6/crtatmega2560.o
                0x00000000000000e4                __init
 *(.init0)
 *(.init1)
 *(.init1)
 *(.init2)
 .init2         0x00000000000000e4       0x10 c:/program files (x86)/avr-gcc-12.0.1/bin/../lib/gcc/avr/12.1.0/../../../../avr/lib/avr6/crtatmega2560.o
 *(.init2)
 *(.init3)
 *(.init3)
 *(.init4)
 .init4         0x00000000000000f4       0x1a c:/program files (x86)/avr-gcc-12.0.1/bin/../lib/gcc/avr/12.1.0/avr6\libgcc.a(_copy_data.o)
                0x00000000000000f4                __do_copy_data
 .init4         0x000000000000010e       0x10 c:/program files (x86)/avr-gcc-12.0.1/bin/../lib/gcc/avr/12.1.0/avr6\libgcc.a(_clear_bss.o)
                0x000000000000010e                __do_clear_bss
 *(.init4)
 *(.init5)
 *(.init5)
 *(.init6)
 *(.init6)
 *(.init7)
 *(.init7)
 *(.init8)
 *(.init8)
 *(.init9)
 .init9         0x000000000000011e        0x8 c:/program files (x86)/avr-gcc-12.0.1/bin/../lib/gcc/avr/12.1.0/../../../../avr/lib/avr6/crtatmega2560.o
 *(.init9)
 *(.text)
 .text          0x0000000000000126        0x4 c:/program files (x86)/avr-gcc-12.0.1/bin/../lib/gcc/avr/12.1.0/../../../../avr/lib/avr6/crtatmega2560.o
                0x0000000000000126                __vector_38
                0x0000000000000126                __vector_22
                0x0000000000000126                __vector_28
                0x0000000000000126                __vector_1
                0x0000000000000126                __vector_34
                0x0000000000000126                __vector_24
                0x0000000000000126                __vector_12
                0x0000000000000126                __vector_55
                0x0000000000000126                __vector_46
                0x0000000000000126                __bad_interrupt
                0x0000000000000126                __vector_6
                0x0000000000000126                __vector_31
                0x0000000000000126                __vector_39
                0x0000000000000126                __vector_3
                0x0000000000000126                __vector_30
                0x0000000000000126                __vector_45
                0x0000000000000126                __vector_25
                0x0000000000000126                __vector_11
                0x0000000000000126                __vector_54
                0x0000000000000126                __vector_13
                0x0000000000000126                __vector_19
                0x0000000000000126                __vector_56
                0x0000000000000126                __vector_7
                0x0000000000000126                __vector_49
                0x0000000000000126                __vector_41
                0x0000000000000126                __vector_43
                0x0000000000000126                __vector_27
                0x0000000000000126                __vector_5
                0x0000000000000126                __vector_47
                0x0000000000000126                __vector_52
                0x0000000000000126                __vector_37
                0x0000000000000126                __vector_4
                0x0000000000000126                __vector_44
                0x0000000000000126                __vector_51
                0x0000000000000126                __vector_9
                0x0000000000000126                __vector_2
                0x0000000000000126                __vector_21
                0x0000000000000126                __vector_36
                0x0000000000000126                __vector_29
                0x0000000000000126                __vector_40
                0x0000000000000126                __vector_8
                0x0000000000000126                __vector_26
                0x0000000000000126                __vector_48
                0x0000000000000126                __vector_14
                0x0000000000000126                __vector_53
                0x0000000000000126                __vector_10
                0x0000000000000126                __vector_50
                0x0000000000000126                __vector_16
                0x0000000000000126                __vector_42
 .text          0x000000000000012a        0x0 obj\Debug\fuse.o
 .text          0x000000000000012a      0x5f6 obj\Debug\Gyro.o
                0x000000000000012a                I2C_Init
                0x0000000000000144                I2C_Start
                0x000000000000016e                I2C_Stop
                0x0000000000000188                I2C_Write
                0x00000000000001c2                I2C_ReadACK
                0x00000000000001f0                I2C_ReadNACK
                0x000000000000021e                MPU6050_WriteReg
                0x0000000000000254                MPU6050_ReadGyro
                0x00000000000002b2                Read_Gyro_X
                0x000000000000035a                Read_Gyro_Y
                0x00000000000003f6                Read_Gyro_Z
                0x0000000000000492                MPU6050_Init
                0x00000000000004aa                initTimerGyro
                0x00000000000004e0                __vector_23
                0x000000000000051c                UpdateHeading
                0x0000000000000704                init_Gyro
 .text          0x0000000000000720      0x32a obj\Debug\H_bridge_1.o
                0x0000000000000720                __vector_20
                0x0000000000000806                __vector_17
                0x0000000000000866                __vector_18
                0x00000000000008c6                init_motor_1
                0x0000000000000954                Motor_1_set_power
 .text          0x0000000000000a4a      0x32a obj\Debug\H_bridge_2.o
                0x0000000000000a4a                __vector_35
                0x0000000000000b30                __vector_32
                0x0000000000000b90                __vector_33
                0x0000000000000bf0                init_motor_2
                0x0000000000000c7e                Motor_2_set_power
 .text          0x0000000000000d74      0xb26 obj\Debug\main.o
                0x0000000000000d74                main
                0x00000000000011ea                init
                0x0000000000001222                ModeSwitch1
                0x000000000000124e                ModeSwitch2
                0x000000000000127a                RedSwitch
                0x00000000000012a6                KolomIR
                0x00000000000012d2                BoomDetectie
                0x0000000000001396                LightSwap
                0x00000000000013ce                GeluidSignaal
                0x0000000000001472                TurnTo
                0x000000000000148e                initTimer
                0x00000000000014b8                wait_ms
                0x000000000000152e                init_display_meneer
                0x0000000000001598                send_data
                0x0000000000001640                send_enable
                0x0000000000001670                display
                0x00000000000016c0                display_getal
 .text          0x000000000000189a      0xc82 obj\Debug\Ultra_Sonic_Front.o
                0x000000000000189a                init_SonicSensors
                0x0000000000001970                GetDistanceFront
                0x0000000000001a8c                TriggerPulseFront
                0x0000000000001d40                GetDistanceLeft
                0x0000000000001e5c                TriggerPulseLeft
                0x0000000000002110                GetDistanceRight
                0x000000000000222c                TriggerPulseRight
                0x00000000000024e0                __vector_15
 .text          0x000000000000251c        0x0 c:/program files (x86)/avr-gcc-12.0.1/bin/../lib/gcc/avr/12.1.0/avr6\libgcc.a(_divmodhi4.o)
 .text          0x000000000000251c        0x0 c:/program files (x86)/avr-gcc-12.0.1/bin/../lib/gcc/avr/12.1.0/avr6\libgcc.a(_divmodsi4.o)
 .text          0x000000000000251c        0x0 c:/program files (x86)/avr-gcc-12.0.1/bin/../lib/gcc/avr/12.1.0/avr6\libgcc.a(_negsi2.o)
 .text          0x000000000000251c        0x0 c:/program files (x86)/avr-gcc-12.0.1/bin/../lib/gcc/avr/12.1.0/avr6\libgcc.a(_exit.o)
 .text          0x000000000000251c        0x0 c:/program files (x86)/avr-gcc-12.0.1/bin/../lib/gcc/avr/12.1.0/avr6\libgcc.a(_copy_data.o)
 .text          0x000000000000251c        0x0 c:/program files (x86)/avr-gcc-12.0.1/bin/../lib/gcc/avr/12.1.0/avr6\libgcc.a(_clear_bss.o)
 .text          0x000000000000251c        0x0 c:/program files (x86)/avr-gcc-12.0.1/bin/../lib/gcc/avr/12.1.0/avr6\libgcc.a(_umulhisi3.o)
 .text          0x000000000000251c        0x0 c:/program files (x86)/avr-gcc-12.0.1/bin/../lib/gcc/avr/12.1.0/avr6\libgcc.a(_muluhisi3.o)
 .text          0x000000000000251c        0x0 c:/program files (x86)/avr-gcc-12.0.1/bin/../lib/gcc/avr/12.1.0/avr6\libgcc.a(_udivmodhi4.o)
 .text          0x000000000000251c        0x0 c:/program files (x86)/avr-gcc-12.0.1/bin/../lib/gcc/avr/12.1.0/avr6\libgcc.a(_udivmodsi4.o)
 .text          0x000000000000251c        0x0 c:/program files (x86)/avr-gcc-12.0.1/bin/../lib/gcc/avr/12.1.0/../../../../avr/lib/avr6\libm.a(addsf3.o)
 .text          0x000000000000251c        0x0 c:/program files (x86)/avr-gcc-12.0.1/bin/../lib/gcc/avr/12.1.0/../../../../avr/lib/avr6\libm.a(addsf3x.o)
 .text          0x000000000000251c        0x0 c:/program files (x86)/avr-gcc-12.0.1/bin/../lib/gcc/avr/12.1.0/../../../../avr/lib/avr6\libm.a(cmpsf2.o)
 .text          0x000000000000251c        0x0 c:/program files (x86)/avr-gcc-12.0.1/bin/../lib/gcc/avr/12.1.0/../../../../avr/lib/avr6\libm.a(divsf3.o)
 .text          0x000000000000251c        0x0 c:/program files (x86)/avr-gcc-12.0.1/bin/../lib/gcc/avr/12.1.0/../../../../avr/lib/avr6\libm.a(divsf3x.o)
 .text          0x000000000000251c        0x0 c:/program files (x86)/avr-gcc-12.0.1/bin/../lib/gcc/avr/12.1.0/../../../../avr/lib/avr6\libm.a(fixsfsi.o)
 .text          0x000000000000251c        0x0 c:/program files (x86)/avr-gcc-12.0.1/bin/../lib/gcc/avr/12.1.0/../../../../avr/lib/avr6\libm.a(fixunssfsi.o)
 .text          0x000000000000251c        0x0 c:/program files (x86)/avr-gcc-12.0.1/bin/../lib/gcc/avr/12.1.0/../../../../avr/lib/avr6\libm.a(floatsisf.o)
 .text          0x000000000000251c        0x0 c:/program files (x86)/avr-gcc-12.0.1/bin/../lib/gcc/avr/12.1.0/../../../../avr/lib/avr6\libm.a(fp_cmp.o)
 .text          0x000000000000251c        0x0 c:/program files (x86)/avr-gcc-12.0.1/bin/../lib/gcc/avr/12.1.0/../../../../avr/lib/avr6\libm.a(fp_inf.o)
 .text          0x000000000000251c        0x0 c:/program files (x86)/avr-gcc-12.0.1/bin/../lib/gcc/avr/12.1.0/../../../../avr/lib/avr6\libm.a(fp_nan.o)
 .text          0x000000000000251c        0x0 c:/program files (x86)/avr-gcc-12.0.1/bin/../lib/gcc/avr/12.1.0/../../../../avr/lib/avr6\libm.a(fp_pscA.o)
 .text          0x000000000000251c        0x0 c:/program files (x86)/avr-gcc-12.0.1/bin/../lib/gcc/avr/12.1.0/../../../../avr/lib/avr6\libm.a(fp_pscB.o)
 .text          0x000000000000251c        0x0 c:/program files (x86)/avr-gcc-12.0.1/bin/../lib/gcc/avr/12.1.0/../../../../avr/lib/avr6\libm.a(fp_round.o)
 .text          0x000000000000251c        0x0 c:/program files (x86)/avr-gcc-12.0.1/bin/../lib/gcc/avr/12.1.0/../../../../avr/lib/avr6\libm.a(fp_split3.o)
 .text          0x000000000000251c        0x0 c:/program files (x86)/avr-gcc-12.0.1/bin/../lib/gcc/avr/12.1.0/../../../../avr/lib/avr6\libm.a(fp_zero.o)
 .text          0x000000000000251c        0x0 c:/program files (x86)/avr-gcc-12.0.1/bin/../lib/gcc/avr/12.1.0/../../../../avr/lib/avr6\libm.a(gesf2.o)
 .text          0x000000000000251c        0x0 c:/program files (x86)/avr-gcc-12.0.1/bin/../lib/gcc/avr/12.1.0/../../../../avr/lib/avr6\libm.a(mulsf3.o)
 .text          0x000000000000251c        0x0 c:/program files (x86)/avr-gcc-12.0.1/bin/../lib/gcc/avr/12.1.0/../../../../avr/lib/avr6\libm.a(mulsf3x.o)
                0x000000000000251c                . = ALIGN (0x2)
 *(.text.*)
 .text.libgcc.mul
                0x000000000000251c        0x0 c:/program files (x86)/avr-gcc-12.0.1/bin/../lib/gcc/avr/12.1.0/avr6\libgcc.a(_divmodhi4.o)
 .text.libgcc.div
                0x000000000000251c       0x28 c:/program files (x86)/avr-gcc-12.0.1/bin/../lib/gcc/avr/12.1.0/avr6\libgcc.a(_divmodhi4.o)
                0x000000000000251c                _div
                0x000000000000251c                __divmodhi4
 .text.libgcc   0x0000000000002544        0x0 c:/program files (x86)/avr-gcc-12.0.1/bin/../lib/gcc/avr/12.1.0/avr6\libgcc.a(_divmodhi4.o)
 .text.libgcc.prologue
                0x0000000000002544        0x0 c:/program files (x86)/avr-gcc-12.0.1/bin/../lib/gcc/avr/12.1.0/avr6\libgcc.a(_divmodhi4.o)
 .text.libgcc.builtins
                0x0000000000002544        0x0 c:/program files (x86)/avr-gcc-12.0.1/bin/../lib/gcc/avr/12.1.0/avr6\libgcc.a(_divmodhi4.o)
 .text.libgcc.fmul
                0x0000000000002544        0x0 c:/program files (x86)/avr-gcc-12.0.1/bin/../lib/gcc/avr/12.1.0/avr6\libgcc.a(_divmodhi4.o)
 .text.libgcc.fixed
                0x0000000000002544        0x0 c:/program files (x86)/avr-gcc-12.0.1/bin/../lib/gcc/avr/12.1.0/avr6\libgcc.a(_divmodhi4.o)
 .text.libgcc.mul
                0x0000000000002544        0x0 c:/program files (x86)/avr-gcc-12.0.1/bin/../lib/gcc/avr/12.1.0/avr6\libgcc.a(_divmodsi4.o)
 .text.libgcc.div
                0x0000000000002544       0x2e c:/program files (x86)/avr-gcc-12.0.1/bin/../lib/gcc/avr/12.1.0/avr6\libgcc.a(_divmodsi4.o)
                0x0000000000002544                __divmodsi4
 .text.libgcc   0x0000000000002572        0x0 c:/program files (x86)/avr-gcc-12.0.1/bin/../lib/gcc/avr/12.1.0/avr6\libgcc.a(_divmodsi4.o)
 .text.libgcc.prologue
                0x0000000000002572        0x0 c:/program files (x86)/avr-gcc-12.0.1/bin/../lib/gcc/avr/12.1.0/avr6\libgcc.a(_divmodsi4.o)
 .text.libgcc.builtins
                0x0000000000002572        0x0 c:/program files (x86)/avr-gcc-12.0.1/bin/../lib/gcc/avr/12.1.0/avr6\libgcc.a(_divmodsi4.o)
 .text.libgcc.fmul
                0x0000000000002572        0x0 c:/program files (x86)/avr-gcc-12.0.1/bin/../lib/gcc/avr/12.1.0/avr6\libgcc.a(_divmodsi4.o)
 .text.libgcc.fixed
                0x0000000000002572        0x0 c:/program files (x86)/avr-gcc-12.0.1/bin/../lib/gcc/avr/12.1.0/avr6\libgcc.a(_divmodsi4.o)
 .text.libgcc.mul
                0x0000000000002572        0x0 c:/program files (x86)/avr-gcc-12.0.1/bin/../lib/gcc/avr/12.1.0/avr6\libgcc.a(_negsi2.o)
 .text.libgcc.div
                0x0000000000002572       0x10 c:/program files (x86)/avr-gcc-12.0.1/bin/../lib/gcc/avr/12.1.0/avr6\libgcc.a(_negsi2.o)
                0x0000000000002572                __negsi2
 .text.libgcc   0x0000000000002582        0x0 c:/program files (x86)/avr-gcc-12.0.1/bin/../lib/gcc/avr/12.1.0/avr6\libgcc.a(_negsi2.o)
 .text.libgcc.prologue
                0x0000000000002582        0x0 c:/program files (x86)/avr-gcc-12.0.1/bin/../lib/gcc/avr/12.1.0/avr6\libgcc.a(_negsi2.o)
 .text.libgcc.builtins
                0x0000000000002582        0x0 c:/program files (x86)/avr-gcc-12.0.1/bin/../lib/gcc/avr/12.1.0/avr6\libgcc.a(_negsi2.o)
 .text.libgcc.fmul
                0x0000000000002582        0x0 c:/program files (x86)/avr-gcc-12.0.1/bin/../lib/gcc/avr/12.1.0/avr6\libgcc.a(_negsi2.o)
 .text.libgcc.fixed
                0x0000000000002582        0x0 c:/program files (x86)/avr-gcc-12.0.1/bin/../lib/gcc/avr/12.1.0/avr6\libgcc.a(_negsi2.o)
 .text.libgcc.mul
                0x0000000000002582        0x0 c:/program files (x86)/avr-gcc-12.0.1/bin/../lib/gcc/avr/12.1.0/avr6\libgcc.a(_exit.o)
 .text.libgcc.div
                0x0000000000002582        0x0 c:/program files (x86)/avr-gcc-12.0.1/bin/../lib/gcc/avr/12.1.0/avr6\libgcc.a(_exit.o)
 .text.libgcc   0x0000000000002582        0x0 c:/program files (x86)/avr-gcc-12.0.1/bin/../lib/gcc/avr/12.1.0/avr6\libgcc.a(_exit.o)
 .text.libgcc.prologue
                0x0000000000002582        0x0 c:/program files (x86)/avr-gcc-12.0.1/bin/../lib/gcc/avr/12.1.0/avr6\libgcc.a(_exit.o)
 .text.libgcc.builtins
                0x0000000000002582        0x0 c:/program files (x86)/avr-gcc-12.0.1/bin/../lib/gcc/avr/12.1.0/avr6\libgcc.a(_exit.o)
 .text.libgcc.fmul
                0x0000000000002582        0x0 c:/program files (x86)/avr-gcc-12.0.1/bin/../lib/gcc/avr/12.1.0/avr6\libgcc.a(_exit.o)
 .text.libgcc.fixed
                0x0000000000002582        0x0 c:/program files (x86)/avr-gcc-12.0.1/bin/../lib/gcc/avr/12.1.0/avr6\libgcc.a(_exit.o)
 .text.libgcc.mul
                0x0000000000002582        0x0 c:/program files (x86)/avr-gcc-12.0.1/bin/../lib/gcc/avr/12.1.0/avr6\libgcc.a(_copy_data.o)
 .text.libgcc.div
                0x0000000000002582        0x0 c:/program files (x86)/avr-gcc-12.0.1/bin/../lib/gcc/avr/12.1.0/avr6\libgcc.a(_copy_data.o)
 .text.libgcc   0x0000000000002582        0x0 c:/program files (x86)/avr-gcc-12.0.1/bin/../lib/gcc/avr/12.1.0/avr6\libgcc.a(_copy_data.o)
 .text.libgcc.prologue
                0x0000000000002582        0x0 c:/program files (x86)/avr-gcc-12.0.1/bin/../lib/gcc/avr/12.1.0/avr6\libgcc.a(_copy_data.o)
 .text.libgcc.builtins
                0x0000000000002582        0x0 c:/program files (x86)/avr-gcc-12.0.1/bin/../lib/gcc/avr/12.1.0/avr6\libgcc.a(_copy_data.o)
 .text.libgcc.fmul
                0x0000000000002582        0x0 c:/program files (x86)/avr-gcc-12.0.1/bin/../lib/gcc/avr/12.1.0/avr6\libgcc.a(_copy_data.o)
 .text.libgcc.fixed
                0x0000000000002582        0x0 c:/program files (x86)/avr-gcc-12.0.1/bin/../lib/gcc/avr/12.1.0/avr6\libgcc.a(_copy_data.o)
 .text.libgcc.mul
                0x0000000000002582        0x0 c:/program files (x86)/avr-gcc-12.0.1/bin/../lib/gcc/avr/12.1.0/avr6\libgcc.a(_clear_bss.o)
 .text.libgcc.div
                0x0000000000002582        0x0 c:/program files (x86)/avr-gcc-12.0.1/bin/../lib/gcc/avr/12.1.0/avr6\libgcc.a(_clear_bss.o)
 .text.libgcc   0x0000000000002582        0x0 c:/program files (x86)/avr-gcc-12.0.1/bin/../lib/gcc/avr/12.1.0/avr6\libgcc.a(_clear_bss.o)
 .text.libgcc.prologue
                0x0000000000002582        0x0 c:/program files (x86)/avr-gcc-12.0.1/bin/../lib/gcc/avr/12.1.0/avr6\libgcc.a(_clear_bss.o)
 .text.libgcc.builtins
                0x0000000000002582        0x0 c:/program files (x86)/avr-gcc-12.0.1/bin/../lib/gcc/avr/12.1.0/avr6\libgcc.a(_clear_bss.o)
 .text.libgcc.fmul
                0x0000000000002582        0x0 c:/program files (x86)/avr-gcc-12.0.1/bin/../lib/gcc/avr/12.1.0/avr6\libgcc.a(_clear_bss.o)
 .text.libgcc.fixed
                0x0000000000002582        0x0 c:/program files (x86)/avr-gcc-12.0.1/bin/../lib/gcc/avr/12.1.0/avr6\libgcc.a(_clear_bss.o)
 .text.libgcc.mul
                0x0000000000002582       0x1e c:/program files (x86)/avr-gcc-12.0.1/bin/../lib/gcc/avr/12.1.0/avr6\libgcc.a(_umulhisi3.o)
                0x0000000000002582                __umulhisi3
 .text.libgcc.div
                0x00000000000025a0        0x0 c:/program files (x86)/avr-gcc-12.0.1/bin/../lib/gcc/avr/12.1.0/avr6\libgcc.a(_umulhisi3.o)
 .text.libgcc   0x00000000000025a0        0x0 c:/program files (x86)/avr-gcc-12.0.1/bin/../lib/gcc/avr/12.1.0/avr6\libgcc.a(_umulhisi3.o)
 .text.libgcc.prologue
                0x00000000000025a0        0x0 c:/program files (x86)/avr-gcc-12.0.1/bin/../lib/gcc/avr/12.1.0/avr6\libgcc.a(_umulhisi3.o)
 .text.libgcc.builtins
                0x00000000000025a0        0x0 c:/program files (x86)/avr-gcc-12.0.1/bin/../lib/gcc/avr/12.1.0/avr6\libgcc.a(_umulhisi3.o)
 .text.libgcc.fmul
                0x00000000000025a0        0x0 c:/program files (x86)/avr-gcc-12.0.1/bin/../lib/gcc/avr/12.1.0/avr6\libgcc.a(_umulhisi3.o)
 .text.libgcc.fixed
                0x00000000000025a0        0x0 c:/program files (x86)/avr-gcc-12.0.1/bin/../lib/gcc/avr/12.1.0/avr6\libgcc.a(_umulhisi3.o)
 .text.libgcc.mul
                0x00000000000025a0       0x16 c:/program files (x86)/avr-gcc-12.0.1/bin/../lib/gcc/avr/12.1.0/avr6\libgcc.a(_muluhisi3.o)
                0x00000000000025a0                __muluhisi3
 .text.libgcc.div
                0x00000000000025b6        0x0 c:/program files (x86)/avr-gcc-12.0.1/bin/../lib/gcc/avr/12.1.0/avr6\libgcc.a(_muluhisi3.o)
 .text.libgcc   0x00000000000025b6        0x0 c:/program files (x86)/avr-gcc-12.0.1/bin/../lib/gcc/avr/12.1.0/avr6\libgcc.a(_muluhisi3.o)
 .text.libgcc.prologue
                0x00000000000025b6        0x0 c:/program files (x86)/avr-gcc-12.0.1/bin/../lib/gcc/avr/12.1.0/avr6\libgcc.a(_muluhisi3.o)
 .text.libgcc.builtins
                0x00000000000025b6        0x0 c:/program files (x86)/avr-gcc-12.0.1/bin/../lib/gcc/avr/12.1.0/avr6\libgcc.a(_muluhisi3.o)
 .text.libgcc.fmul
                0x00000000000025b6        0x0 c:/program files (x86)/avr-gcc-12.0.1/bin/../lib/gcc/avr/12.1.0/avr6\libgcc.a(_muluhisi3.o)
 .text.libgcc.fixed
                0x00000000000025b6        0x0 c:/program files (x86)/avr-gcc-12.0.1/bin/../lib/gcc/avr/12.1.0/avr6\libgcc.a(_muluhisi3.o)
 .text.libgcc.mul
                0x00000000000025b6        0x0 c:/program files (x86)/avr-gcc-12.0.1/bin/../lib/gcc/avr/12.1.0/avr6\libgcc.a(_udivmodhi4.o)
 .text.libgcc.div
                0x00000000000025b6       0x28 c:/program files (x86)/avr-gcc-12.0.1/bin/../lib/gcc/avr/12.1.0/avr6\libgcc.a(_udivmodhi4.o)
                0x00000000000025b6                __udivmodhi4
 .text.libgcc   0x00000000000025de        0x0 c:/program files (x86)/avr-gcc-12.0.1/bin/../lib/gcc/avr/12.1.0/avr6\libgcc.a(_udivmodhi4.o)
 .text.libgcc.prologue
                0x00000000000025de        0x0 c:/program files (x86)/avr-gcc-12.0.1/bin/../lib/gcc/avr/12.1.0/avr6\libgcc.a(_udivmodhi4.o)
 .text.libgcc.builtins
                0x00000000000025de        0x0 c:/program files (x86)/avr-gcc-12.0.1/bin/../lib/gcc/avr/12.1.0/avr6\libgcc.a(_udivmodhi4.o)
 .text.libgcc.fmul
                0x00000000000025de        0x0 c:/program files (x86)/avr-gcc-12.0.1/bin/../lib/gcc/avr/12.1.0/avr6\libgcc.a(_udivmodhi4.o)
 .text.libgcc.fixed
                0x00000000000025de        0x0 c:/program files (x86)/avr-gcc-12.0.1/bin/../lib/gcc/avr/12.1.0/avr6\libgcc.a(_udivmodhi4.o)
 .text.libgcc.mul
                0x00000000000025de        0x0 c:/program files (x86)/avr-gcc-12.0.1/bin/../lib/gcc/avr/12.1.0/avr6\libgcc.a(_udivmodsi4.o)
 .text.libgcc.div
                0x00000000000025de       0x44 c:/program files (x86)/avr-gcc-12.0.1/bin/../lib/gcc/avr/12.1.0/avr6\libgcc.a(_udivmodsi4.o)
                0x00000000000025de                __udivmodsi4
 .text.libgcc   0x0000000000002622        0x0 c:/program files (x86)/avr-gcc-12.0.1/bin/../lib/gcc/avr/12.1.0/avr6\libgcc.a(_udivmodsi4.o)
 .text.libgcc.prologue
                0x0000000000002622        0x0 c:/program files (x86)/avr-gcc-12.0.1/bin/../lib/gcc/avr/12.1.0/avr6\libgcc.a(_udivmodsi4.o)
 .text.libgcc.builtins
                0x0000000000002622        0x0 c:/program files (x86)/avr-gcc-12.0.1/bin/../lib/gcc/avr/12.1.0/avr6\libgcc.a(_udivmodsi4.o)
 .text.libgcc.fmul
                0x0000000000002622        0x0 c:/program files (x86)/avr-gcc-12.0.1/bin/../lib/gcc/avr/12.1.0/avr6\libgcc.a(_udivmodsi4.o)
 .text.libgcc.fixed
                0x0000000000002622        0x0 c:/program files (x86)/avr-gcc-12.0.1/bin/../lib/gcc/avr/12.1.0/avr6\libgcc.a(_udivmodsi4.o)
 .text.avr-libc.fplib
                0x0000000000002622        0xe c:/program files (x86)/avr-gcc-12.0.1/bin/../lib/gcc/avr/12.1.0/../../../../avr/lib/avr6\libm.a(addsf3.o)
                0x0000000000002622                __subsf3
                0x0000000000002624                __addsf3
 .text.avr-libc.fplib
                0x0000000000002630       0xcc c:/program files (x86)/avr-gcc-12.0.1/bin/../lib/gcc/avr/12.1.0/../../../../avr/lib/avr6\libm.a(addsf3x.o)
                0x0000000000002652                __addsf3x
 .text.avr-libc.fplib
                0x00000000000026fc        0xa c:/program files (x86)/avr-gcc-12.0.1/bin/../lib/gcc/avr/12.1.0/../../../../avr/lib/avr6\libm.a(cmpsf2.o)
                0x00000000000026fc                __nesf2
                0x00000000000026fc                __eqsf2
                0x00000000000026fc                __cmpsf2
                0x00000000000026fc                __ltsf2
                0x00000000000026fc                __lesf2
 .text.avr-libc.fplib
                0x0000000000002706        0x8 c:/program files (x86)/avr-gcc-12.0.1/bin/../lib/gcc/avr/12.1.0/../../../../avr/lib/avr6\libm.a(divsf3.o)
                0x0000000000002706                __divsf3
 .text.avr-libc.fplib
                0x000000000000270e       0xdc c:/program files (x86)/avr-gcc-12.0.1/bin/../lib/gcc/avr/12.1.0/../../../../avr/lib/avr6\libm.a(divsf3x.o)
                0x000000000000272e                __divsf3x
                0x0000000000002734                __divsf3_pse
 .text.avr-libc.fplib
                0x00000000000027ea        0xe c:/program files (x86)/avr-gcc-12.0.1/bin/../lib/gcc/avr/12.1.0/../../../../avr/lib/avr6\libm.a(fixsfsi.o)
                0x00000000000027ea                __fixsfsi
 .text.avr-libc.fplib
                0x00000000000027f8       0x5e c:/program files (x86)/avr-gcc-12.0.1/bin/../lib/gcc/avr/12.1.0/../../../../avr/lib/avr6\libm.a(fixunssfsi.o)
                0x00000000000027f8                __fixunssfsi
 .text.avr-libc.fplib
                0x0000000000002856       0x7a c:/program files (x86)/avr-gcc-12.0.1/bin/../lib/gcc/avr/12.1.0/../../../../avr/lib/avr6\libm.a(floatsisf.o)
                0x0000000000002856                __floatunsisf
                0x000000000000285a                __floatsisf
 .text.avr-libc.fplib
                0x00000000000028d0       0x48 c:/program files (x86)/avr-gcc-12.0.1/bin/../lib/gcc/avr/12.1.0/../../../../avr/lib/avr6\libm.a(fp_cmp.o)
                0x00000000000028d0                __fp_cmp
 .text.avr-libc.fplib
                0x0000000000002918        0xc c:/program files (x86)/avr-gcc-12.0.1/bin/../lib/gcc/avr/12.1.0/../../../../avr/lib/avr6\libm.a(fp_inf.o)
                0x0000000000002918                __fp_inf
 .text.avr-libc.fplib
                0x0000000000002924        0x6 c:/program files (x86)/avr-gcc-12.0.1/bin/../lib/gcc/avr/12.1.0/../../../../avr/lib/avr6\libm.a(fp_nan.o)
                0x0000000000002924                __fp_nan
 .text.avr-libc.fplib
                0x000000000000292a        0xe c:/program files (x86)/avr-gcc-12.0.1/bin/../lib/gcc/avr/12.1.0/../../../../avr/lib/avr6\libm.a(fp_pscA.o)
                0x000000000000292a                __fp_pscA
 .text.avr-libc.fplib
                0x0000000000002938        0xe c:/program files (x86)/avr-gcc-12.0.1/bin/../lib/gcc/avr/12.1.0/../../../../avr/lib/avr6\libm.a(fp_pscB.o)
                0x0000000000002938                __fp_pscB
 .text.avr-libc.fplib
                0x0000000000002946       0x22 c:/program files (x86)/avr-gcc-12.0.1/bin/../lib/gcc/avr/12.1.0/../../../../avr/lib/avr6\libm.a(fp_round.o)
                0x0000000000002946                __fp_round
 .text.avr-libc.fplib
                0x0000000000002968       0x44 c:/program files (x86)/avr-gcc-12.0.1/bin/../lib/gcc/avr/12.1.0/../../../../avr/lib/avr6\libm.a(fp_split3.o)
                0x0000000000002968                __fp_split3
                0x0000000000002978                __fp_splitA
 .text.avr-libc.fplib
                0x00000000000029ac        0xe c:/program files (x86)/avr-gcc-12.0.1/bin/../lib/gcc/avr/12.1.0/../../../../avr/lib/avr6\libm.a(fp_zero.o)
                0x00000000000029ac                __fp_zero
                0x00000000000029ae                __fp_szero
 .text.avr-libc.fplib
                0x00000000000029ba        0xa c:/program files (x86)/avr-gcc-12.0.1/bin/../lib/gcc/avr/12.1.0/../../../../avr/lib/avr6\libm.a(gesf2.o)
                0x00000000000029ba                __gesf2
                0x00000000000029ba                __gtsf2
 .text.avr-libc.fplib
                0x00000000000029c4        0x8 c:/program files (x86)/avr-gcc-12.0.1/bin/../lib/gcc/avr/12.1.0/../../../../avr/lib/avr6\libm.a(mulsf3.o)
                0x00000000000029c4                __mulsf3
 .text.avr-libc.fplib
                0x00000000000029cc       0xd2 c:/program files (x86)/avr-gcc-12.0.1/bin/../lib/gcc/avr/12.1.0/../../../../avr/lib/avr6\libm.a(mulsf3x.o)
                0x00000000000029ea                __mulsf3x
                0x00000000000029f0                __mulsf3_pse
                0x0000000000002a9e                . = ALIGN (0x2)
 *(.fini9)
 .fini9         0x0000000000002a9e        0x0 c:/program files (x86)/avr-gcc-12.0.1/bin/../lib/gcc/avr/12.1.0/avr6\libgcc.a(_exit.o)
                0x0000000000002a9e                _exit
                0x0000000000002a9e                exit
 *(.fini9)
 *(.fini8)
 *(.fini8)
 *(.fini7)
 *(.fini7)
 *(.fini6)
 *(.fini6)
 *(.fini5)
 *(.fini5)
 *(.fini4)
 *(.fini4)
 *(.fini3)
 *(.fini3)
 *(.fini2)
 *(.fini2)
 *(.fini1)
 *(.fini1)
 *(.fini0)
 .fini0         0x0000000000002a9e        0x4 c:/program files (x86)/avr-gcc-12.0.1/bin/../lib/gcc/avr/12.1.0/avr6\libgcc.a(_exit.o)
 *(.fini0)
 *(.hightext)
 *(.hightext*)
 *(.progmemx.*)
                0x0000000000002aa2                . = ALIGN (0x2)
 *(.jumptables)
 *(.jumptables*)
                0x0000000000002aa2                _etext = .

.data           0x0000000000800200       0x20 load address 0x0000000000002aa2
                0x0000000000800200                PROVIDE (__data_start = .)
 *(.data)
 .data          0x0000000000800200        0x0 c:/program files (x86)/avr-gcc-12.0.1/bin/../lib/gcc/avr/12.1.0/../../../../avr/lib/avr6/crtatmega2560.o
 .data          0x0000000000800200        0x0 obj\Debug\fuse.o
 .data          0x0000000000800200        0x0 obj\Debug\Gyro.o
 .data          0x0000000000800200        0x0 obj\Debug\H_bridge_1.o
 .data          0x0000000000800200        0x0 obj\Debug\H_bridge_2.o
 .data          0x0000000000800200       0x20 obj\Debug\main.o
 .data          0x0000000000800220        0x0 obj\Debug\Ultra_Sonic_Front.o
 .data          0x0000000000800220        0x0 c:/program files (x86)/avr-gcc-12.0.1/bin/../lib/gcc/avr/12.1.0/avr6\libgcc.a(_divmodhi4.o)
 .data          0x0000000000800220        0x0 c:/program files (x86)/avr-gcc-12.0.1/bin/../lib/gcc/avr/12.1.0/avr6\libgcc.a(_divmodsi4.o)
 .data          0x0000000000800220        0x0 c:/program files (x86)/avr-gcc-12.0.1/bin/../lib/gcc/avr/12.1.0/avr6\libgcc.a(_negsi2.o)
 .data          0x0000000000800220        0x0 c:/program files (x86)/avr-gcc-12.0.1/bin/../lib/gcc/avr/12.1.0/avr6\libgcc.a(_exit.o)
 .data          0x0000000000800220        0x0 c:/program files (x86)/avr-gcc-12.0.1/bin/../lib/gcc/avr/12.1.0/avr6\libgcc.a(_copy_data.o)
 .data          0x0000000000800220        0x0 c:/program files (x86)/avr-gcc-12.0.1/bin/../lib/gcc/avr/12.1.0/avr6\libgcc.a(_clear_bss.o)
 .data          0x0000000000800220        0x0 c:/program files (x86)/avr-gcc-12.0.1/bin/../lib/gcc/avr/12.1.0/avr6\libgcc.a(_umulhisi3.o)
 .data          0x0000000000800220        0x0 c:/program files (x86)/avr-gcc-12.0.1/bin/../lib/gcc/avr/12.1.0/avr6\libgcc.a(_muluhisi3.o)
 .data          0x0000000000800220        0x0 c:/program files (x86)/avr-gcc-12.0.1/bin/../lib/gcc/avr/12.1.0/avr6\libgcc.a(_udivmodhi4.o)
 .data          0x0000000000800220        0x0 c:/program files (x86)/avr-gcc-12.0.1/bin/../lib/gcc/avr/12.1.0/avr6\libgcc.a(_udivmodsi4.o)
 .data          0x0000000000800220        0x0 c:/program files (x86)/avr-gcc-12.0.1/bin/../lib/gcc/avr/12.1.0/../../../../avr/lib/avr6\libm.a(addsf3.o)
 .data          0x0000000000800220        0x0 c:/program files (x86)/avr-gcc-12.0.1/bin/../lib/gcc/avr/12.1.0/../../../../avr/lib/avr6\libm.a(addsf3x.o)
 .data          0x0000000000800220        0x0 c:/program files (x86)/avr-gcc-12.0.1/bin/../lib/gcc/avr/12.1.0/../../../../avr/lib/avr6\libm.a(cmpsf2.o)
 .data          0x0000000000800220        0x0 c:/program files (x86)/avr-gcc-12.0.1/bin/../lib/gcc/avr/12.1.0/../../../../avr/lib/avr6\libm.a(divsf3.o)
 .data          0x0000000000800220        0x0 c:/program files (x86)/avr-gcc-12.0.1/bin/../lib/gcc/avr/12.1.0/../../../../avr/lib/avr6\libm.a(divsf3x.o)
 .data          0x0000000000800220        0x0 c:/program files (x86)/avr-gcc-12.0.1/bin/../lib/gcc/avr/12.1.0/../../../../avr/lib/avr6\libm.a(fixsfsi.o)
 .data          0x0000000000800220        0x0 c:/program files (x86)/avr-gcc-12.0.1/bin/../lib/gcc/avr/12.1.0/../../../../avr/lib/avr6\libm.a(fixunssfsi.o)
 .data          0x0000000000800220        0x0 c:/program files (x86)/avr-gcc-12.0.1/bin/../lib/gcc/avr/12.1.0/../../../../avr/lib/avr6\libm.a(floatsisf.o)
 .data          0x0000000000800220        0x0 c:/program files (x86)/avr-gcc-12.0.1/bin/../lib/gcc/avr/12.1.0/../../../../avr/lib/avr6\libm.a(fp_cmp.o)
 .data          0x0000000000800220        0x0 c:/program files (x86)/avr-gcc-12.0.1/bin/../lib/gcc/avr/12.1.0/../../../../avr/lib/avr6\libm.a(fp_inf.o)
 .data          0x0000000000800220        0x0 c:/program files (x86)/avr-gcc-12.0.1/bin/../lib/gcc/avr/12.1.0/../../../../avr/lib/avr6\libm.a(fp_nan.o)
 .data          0x0000000000800220        0x0 c:/program files (x86)/avr-gcc-12.0.1/bin/../lib/gcc/avr/12.1.0/../../../../avr/lib/avr6\libm.a(fp_pscA.o)
 .data          0x0000000000800220        0x0 c:/program files (x86)/avr-gcc-12.0.1/bin/../lib/gcc/avr/12.1.0/../../../../avr/lib/avr6\libm.a(fp_pscB.o)
 .data          0x0000000000800220        0x0 c:/program files (x86)/avr-gcc-12.0.1/bin/../lib/gcc/avr/12.1.0/../../../../avr/lib/avr6\libm.a(fp_round.o)
 .data          0x0000000000800220        0x0 c:/program files (x86)/avr-gcc-12.0.1/bin/../lib/gcc/avr/12.1.0/../../../../avr/lib/avr6\libm.a(fp_split3.o)
 .data          0x0000000000800220        0x0 c:/program files (x86)/avr-gcc-12.0.1/bin/../lib/gcc/avr/12.1.0/../../../../avr/lib/avr6\libm.a(fp_zero.o)
 .data          0x0000000000800220        0x0 c:/program files (x86)/avr-gcc-12.0.1/bin/../lib/gcc/avr/12.1.0/../../../../avr/lib/avr6\libm.a(gesf2.o)
 .data          0x0000000000800220        0x0 c:/program files (x86)/avr-gcc-12.0.1/bin/../lib/gcc/avr/12.1.0/../../../../avr/lib/avr6\libm.a(mulsf3.o)
 .data          0x0000000000800220        0x0 c:/program files (x86)/avr-gcc-12.0.1/bin/../lib/gcc/avr/12.1.0/../../../../avr/lib/avr6\libm.a(mulsf3x.o)
 *(.data*)
 *(.gnu.linkonce.d*)
 *(.rodata)
 *(.rodata*)
 *(.gnu.linkonce.r*)
                0x0000000000800220                . = ALIGN (0x2)
                0x0000000000800220                _edata = .
                0x0000000000800220                PROVIDE (__data_end = .)

.bss            0x0000000000800220        0xc
                0x0000000000800220                PROVIDE (__bss_start = .)
 *(.bss)
 .bss           0x0000000000800220        0x0 c:/program files (x86)/avr-gcc-12.0.1/bin/../lib/gcc/avr/12.1.0/../../../../avr/lib/avr6/crtatmega2560.o
 .bss           0x0000000000800220        0x0 obj\Debug\fuse.o
 .bss           0x0000000000800220        0xa obj\Debug\Gyro.o
                0x0000000000800220                Gyro_count
                0x0000000000800222                DS_1
                0x0000000000800226                DS_2
 .bss           0x000000000080022a        0x0 obj\Debug\H_bridge_1.o
 .bss           0x000000000080022a        0x0 obj\Debug\H_bridge_2.o
 .bss           0x000000000080022a        0x0 obj\Debug\main.o
 .bss           0x000000000080022a        0x2 obj\Debug\Ultra_Sonic_Front.o
                0x000000000080022a                count
 .bss           0x000000000080022c        0x0 c:/program files (x86)/avr-gcc-12.0.1/bin/../lib/gcc/avr/12.1.0/avr6\libgcc.a(_divmodhi4.o)
 .bss           0x000000000080022c        0x0 c:/program files (x86)/avr-gcc-12.0.1/bin/../lib/gcc/avr/12.1.0/avr6\libgcc.a(_divmodsi4.o)
 .bss           0x000000000080022c        0x0 c:/program files (x86)/avr-gcc-12.0.1/bin/../lib/gcc/avr/12.1.0/avr6\libgcc.a(_negsi2.o)
 .bss           0x000000000080022c        0x0 c:/program files (x86)/avr-gcc-12.0.1/bin/../lib/gcc/avr/12.1.0/avr6\libgcc.a(_exit.o)
 .bss           0x000000000080022c        0x0 c:/program files (x86)/avr-gcc-12.0.1/bin/../lib/gcc/avr/12.1.0/avr6\libgcc.a(_copy_data.o)
 .bss           0x000000000080022c        0x0 c:/program files (x86)/avr-gcc-12.0.1/bin/../lib/gcc/avr/12.1.0/avr6\libgcc.a(_clear_bss.o)
 .bss           0x000000000080022c        0x0 c:/program files (x86)/avr-gcc-12.0.1/bin/../lib/gcc/avr/12.1.0/avr6\libgcc.a(_umulhisi3.o)
 .bss           0x000000000080022c        0x0 c:/program files (x86)/avr-gcc-12.0.1/bin/../lib/gcc/avr/12.1.0/avr6\libgcc.a(_muluhisi3.o)
 .bss           0x000000000080022c        0x0 c:/program files (x86)/avr-gcc-12.0.1/bin/../lib/gcc/avr/12.1.0/avr6\libgcc.a(_udivmodhi4.o)
 .bss           0x000000000080022c        0x0 c:/program files (x86)/avr-gcc-12.0.1/bin/../lib/gcc/avr/12.1.0/avr6\libgcc.a(_udivmodsi4.o)
 .bss           0x000000000080022c        0x0 c:/program files (x86)/avr-gcc-12.0.1/bin/../lib/gcc/avr/12.1.0/../../../../avr/lib/avr6\libm.a(addsf3.o)
 .bss           0x000000000080022c        0x0 c:/program files (x86)/avr-gcc-12.0.1/bin/../lib/gcc/avr/12.1.0/../../../../avr/lib/avr6\libm.a(addsf3x.o)
 .bss           0x000000000080022c        0x0 c:/program files (x86)/avr-gcc-12.0.1/bin/../lib/gcc/avr/12.1.0/../../../../avr/lib/avr6\libm.a(cmpsf2.o)
 .bss           0x000000000080022c        0x0 c:/program files (x86)/avr-gcc-12.0.1/bin/../lib/gcc/avr/12.1.0/../../../../avr/lib/avr6\libm.a(divsf3.o)
 .bss           0x000000000080022c        0x0 c:/program files (x86)/avr-gcc-12.0.1/bin/../lib/gcc/avr/12.1.0/../../../../avr/lib/avr6\libm.a(divsf3x.o)
 .bss           0x000000000080022c        0x0 c:/program files (x86)/avr-gcc-12.0.1/bin/../lib/gcc/avr/12.1.0/../../../../avr/lib/avr6\libm.a(fixsfsi.o)
 .bss           0x000000000080022c        0x0 c:/program files (x86)/avr-gcc-12.0.1/bin/../lib/gcc/avr/12.1.0/../../../../avr/lib/avr6\libm.a(fixunssfsi.o)
 .bss           0x000000000080022c        0x0 c:/program files (x86)/avr-gcc-12.0.1/bin/../lib/gcc/avr/12.1.0/../../../../avr/lib/avr6\libm.a(floatsisf.o)
 .bss           0x000000000080022c        0x0 c:/program files (x86)/avr-gcc-12.0.1/bin/../lib/gcc/avr/12.1.0/../../../../avr/lib/avr6\libm.a(fp_cmp.o)
 .bss           0x000000000080022c        0x0 c:/program files (x86)/avr-gcc-12.0.1/bin/../lib/gcc/avr/12.1.0/../../../../avr/lib/avr6\libm.a(fp_inf.o)
 .bss           0x000000000080022c        0x0 c:/program files (x86)/avr-gcc-12.0.1/bin/../lib/gcc/avr/12.1.0/../../../../avr/lib/avr6\libm.a(fp_nan.o)
 .bss           0x000000000080022c        0x0 c:/program files (x86)/avr-gcc-12.0.1/bin/../lib/gcc/avr/12.1.0/../../../../avr/lib/avr6\libm.a(fp_pscA.o)
 .bss           0x000000000080022c        0x0 c:/program files (x86)/avr-gcc-12.0.1/bin/../lib/gcc/avr/12.1.0/../../../../avr/lib/avr6\libm.a(fp_pscB.o)
 .bss           0x000000000080022c        0x0 c:/program files (x86)/avr-gcc-12.0.1/bin/../lib/gcc/avr/12.1.0/../../../../avr/lib/avr6\libm.a(fp_round.o)
 .bss           0x000000000080022c        0x0 c:/program files (x86)/avr-gcc-12.0.1/bin/../lib/gcc/avr/12.1.0/../../../../avr/lib/avr6\libm.a(fp_split3.o)
 .bss           0x000000000080022c        0x0 c:/program files (x86)/avr-gcc-12.0.1/bin/../lib/gcc/avr/12.1.0/../../../../avr/lib/avr6\libm.a(fp_zero.o)
 .bss           0x000000000080022c        0x0 c:/program files (x86)/avr-gcc-12.0.1/bin/../lib/gcc/avr/12.1.0/../../../../avr/lib/avr6\libm.a(gesf2.o)
 .bss           0x000000000080022c        0x0 c:/program files (x86)/avr-gcc-12.0.1/bin/../lib/gcc/avr/12.1.0/../../../../avr/lib/avr6\libm.a(mulsf3.o)
 .bss           0x000000000080022c        0x0 c:/program files (x86)/avr-gcc-12.0.1/bin/../lib/gcc/avr/12.1.0/../../../../avr/lib/avr6\libm.a(mulsf3x.o)
 *(.bss*)
 *(COMMON)
                0x000000000080022c                PROVIDE (__bss_end = .)
                0x0000000000002aa2                __data_load_start = LOADADDR (.data)
                0x0000000000002ac2                __data_load_end = (__data_load_start + SIZEOF (.data))

.noinit         0x000000000080022c        0x0
                [!provide]                        PROVIDE (__noinit_start = .)
 *(.noinit .noinit.* .gnu.linkonce.n.*)
                [!provide]                        PROVIDE (__noinit_end = .)
                0x000000000080022c                _end = .
                [!provide]                        PROVIDE (__heap_start = .)

.eeprom         0x0000000000810000        0x0
 *(.eeprom*)
                0x0000000000810000                __eeprom_end = .

.fuse           0x0000000000820000        0x3
 *(.fuse)
 .fuse          0x0000000000820000        0x3 obj\Debug\fuse.o
                0x0000000000820000                __fuse
 *(.lfuse)
 *(.hfuse)
 *(.efuse)

.lock
 *(.lock*)

.signature
 *(.signature*)

.stab
 *(.stab)

.stabstr
 *(.stabstr)

.stab.excl
 *(.stab.excl)

.stab.exclstr
 *(.stab.exclstr)

.stab.index
 *(.stab.index)

.stab.indexstr
 *(.stab.indexstr)

.comment        0x0000000000000000       0x12
 *(.comment)
 .comment       0x0000000000000000       0x12 obj\Debug\fuse.o
                                         0x13 (size before relaxing)
 .comment       0x0000000000000012       0x13 obj\Debug\Gyro.o
 .comment       0x0000000000000012       0x13 obj\Debug\H_bridge_1.o
 .comment       0x0000000000000012       0x13 obj\Debug\H_bridge_2.o
 .comment       0x0000000000000012       0x13 obj\Debug\main.o
 .comment       0x0000000000000012       0x13 obj\Debug\Ultra_Sonic_Front.o

.note.gnu.avr.deviceinfo
                0x0000000000000000       0x40
 .note.gnu.avr.deviceinfo
                0x0000000000000000       0x40 c:/program files (x86)/avr-gcc-12.0.1/bin/../lib/gcc/avr/12.1.0/../../../../avr/lib/avr6/crtatmega2560.o

.note.gnu.build-id
 *(.note.gnu.build-id)

.debug
 *(.debug)

.line
 *(.line)

.debug_srcinfo
 *(.debug_srcinfo)

.debug_sfnames
 *(.debug_sfnames)

.debug_aranges  0x0000000000000000      0x1f8
 *(.debug_aranges)
 .debug_aranges
                0x0000000000000000       0x18 obj\Debug\fuse.o
 .debug_aranges
                0x0000000000000018       0x20 obj\Debug\Gyro.o
 .debug_aranges
                0x0000000000000038       0x20 obj\Debug\H_bridge_1.o
 .debug_aranges
                0x0000000000000058       0x20 obj\Debug\H_bridge_2.o
 .debug_aranges
                0x0000000000000078       0x20 obj\Debug\main.o
 .debug_aranges
                0x0000000000000098       0x20 obj\Debug\Ultra_Sonic_Front.o
 .debug_aranges
                0x00000000000000b8       0x20 c:/program files (x86)/avr-gcc-12.0.1/bin/../lib/gcc/avr/12.1.0/avr6\libgcc.a(_divmodhi4.o)
 .debug_aranges
                0x00000000000000d8       0x20 c:/program files (x86)/avr-gcc-12.0.1/bin/../lib/gcc/avr/12.1.0/avr6\libgcc.a(_divmodsi4.o)
 .debug_aranges
                0x00000000000000f8       0x20 c:/program files (x86)/avr-gcc-12.0.1/bin/../lib/gcc/avr/12.1.0/avr6\libgcc.a(_negsi2.o)
 .debug_aranges
                0x0000000000000118       0x20 c:/program files (x86)/avr-gcc-12.0.1/bin/../lib/gcc/avr/12.1.0/avr6\libgcc.a(_exit.o)
 .debug_aranges
                0x0000000000000138       0x20 c:/program files (x86)/avr-gcc-12.0.1/bin/../lib/gcc/avr/12.1.0/avr6\libgcc.a(_copy_data.o)
 .debug_aranges
                0x0000000000000158       0x20 c:/program files (x86)/avr-gcc-12.0.1/bin/../lib/gcc/avr/12.1.0/avr6\libgcc.a(_clear_bss.o)
 .debug_aranges
                0x0000000000000178       0x20 c:/program files (x86)/avr-gcc-12.0.1/bin/../lib/gcc/avr/12.1.0/avr6\libgcc.a(_umulhisi3.o)
 .debug_aranges
                0x0000000000000198       0x20 c:/program files (x86)/avr-gcc-12.0.1/bin/../lib/gcc/avr/12.1.0/avr6\libgcc.a(_muluhisi3.o)
 .debug_aranges
                0x00000000000001b8       0x20 c:/program files (x86)/avr-gcc-12.0.1/bin/../lib/gcc/avr/12.1.0/avr6\libgcc.a(_udivmodhi4.o)
 .debug_aranges
                0x00000000000001d8       0x20 c:/program files (x86)/avr-gcc-12.0.1/bin/../lib/gcc/avr/12.1.0/avr6\libgcc.a(_udivmodsi4.o)

.debug_pubnames
 *(.debug_pubnames)

.debug_info     0x0000000000000000     0x1c71
 *(.debug_info .gnu.linkonce.wi.*)
 .debug_info    0x0000000000000000      0xbbc c:/program files (x86)/avr-gcc-12.0.1/bin/../lib/gcc/avr/12.1.0/../../../../avr/lib/avr6/crtatmega2560.o
 .debug_info    0x0000000000000bbc       0xa2 obj\Debug\fuse.o
 .debug_info    0x0000000000000c5e      0x2c7 obj\Debug\Gyro.o
 .debug_info    0x0000000000000f25       0xdb obj\Debug\H_bridge_1.o
 .debug_info    0x0000000000001000       0xdb obj\Debug\H_bridge_2.o
 .debug_info    0x00000000000010db      0x596 obj\Debug\main.o
 .debug_info    0x0000000000001671      0x498 obj\Debug\Ultra_Sonic_Front.o
 .debug_info    0x0000000000001b09       0x24 c:/program files (x86)/avr-gcc-12.0.1/bin/../lib/gcc/avr/12.1.0/avr6\libgcc.a(_divmodhi4.o)
 .debug_info    0x0000000000001b2d       0x24 c:/program files (x86)/avr-gcc-12.0.1/bin/../lib/gcc/avr/12.1.0/avr6\libgcc.a(_divmodsi4.o)
 .debug_info    0x0000000000001b51       0x24 c:/program files (x86)/avr-gcc-12.0.1/bin/../lib/gcc/avr/12.1.0/avr6\libgcc.a(_negsi2.o)
 .debug_info    0x0000000000001b75       0x24 c:/program files (x86)/avr-gcc-12.0.1/bin/../lib/gcc/avr/12.1.0/avr6\libgcc.a(_exit.o)
 .debug_info    0x0000000000001b99       0x24 c:/program files (x86)/avr-gcc-12.0.1/bin/../lib/gcc/avr/12.1.0/avr6\libgcc.a(_copy_data.o)
 .debug_info    0x0000000000001bbd       0x24 c:/program files (x86)/avr-gcc-12.0.1/bin/../lib/gcc/avr/12.1.0/avr6\libgcc.a(_clear_bss.o)
 .debug_info    0x0000000000001be1       0x24 c:/program files (x86)/avr-gcc-12.0.1/bin/../lib/gcc/avr/12.1.0/avr6\libgcc.a(_umulhisi3.o)
 .debug_info    0x0000000000001c05       0x24 c:/program files (x86)/avr-gcc-12.0.1/bin/../lib/gcc/avr/12.1.0/avr6\libgcc.a(_muluhisi3.o)
 .debug_info    0x0000000000001c29       0x24 c:/program files (x86)/avr-gcc-12.0.1/bin/../lib/gcc/avr/12.1.0/avr6\libgcc.a(_udivmodhi4.o)
 .debug_info    0x0000000000001c4d       0x24 c:/program files (x86)/avr-gcc-12.0.1/bin/../lib/gcc/avr/12.1.0/avr6\libgcc.a(_udivmodsi4.o)

.debug_abbrev   0x0000000000000000     0x1309
 *(.debug_abbrev)
 .debug_abbrev  0x0000000000000000      0xb1a c:/program files (x86)/avr-gcc-12.0.1/bin/../lib/gcc/avr/12.1.0/../../../../avr/lib/avr6/crtatmega2560.o
 .debug_abbrev  0x0000000000000b1a       0x7b obj\Debug\fuse.o
 .debug_abbrev  0x0000000000000b95      0x146 obj\Debug\Gyro.o
 .debug_abbrev  0x0000000000000cdb       0x9b obj\Debug\H_bridge_1.o
 .debug_abbrev  0x0000000000000d76       0x9b obj\Debug\H_bridge_2.o
 .debug_abbrev  0x0000000000000e11      0x2a8 obj\Debug\main.o
 .debug_abbrev  0x00000000000010b9      0x188 obj\Debug\Ultra_Sonic_Front.o
 .debug_abbrev  0x0000000000001241       0x14 c:/program files (x86)/avr-gcc-12.0.1/bin/../lib/gcc/avr/12.1.0/avr6\libgcc.a(_divmodhi4.o)
 .debug_abbrev  0x0000000000001255       0x14 c:/program files (x86)/avr-gcc-12.0.1/bin/../lib/gcc/avr/12.1.0/avr6\libgcc.a(_divmodsi4.o)
 .debug_abbrev  0x0000000000001269       0x14 c:/program files (x86)/avr-gcc-12.0.1/bin/../lib/gcc/avr/12.1.0/avr6\libgcc.a(_negsi2.o)
 .debug_abbrev  0x000000000000127d       0x14 c:/program files (x86)/avr-gcc-12.0.1/bin/../lib/gcc/avr/12.1.0/avr6\libgcc.a(_exit.o)
 .debug_abbrev  0x0000000000001291       0x14 c:/program files (x86)/avr-gcc-12.0.1/bin/../lib/gcc/avr/12.1.0/avr6\libgcc.a(_copy_data.o)
 .debug_abbrev  0x00000000000012a5       0x14 c:/program files (x86)/avr-gcc-12.0.1/bin/../lib/gcc/avr/12.1.0/avr6\libgcc.a(_clear_bss.o)
 .debug_abbrev  0x00000000000012b9       0x14 c:/program files (x86)/avr-gcc-12.0.1/bin/../lib/gcc/avr/12.1.0/avr6\libgcc.a(_umulhisi3.o)
 .debug_abbrev  0x00000000000012cd       0x14 c:/program files (x86)/avr-gcc-12.0.1/bin/../lib/gcc/avr/12.1.0/avr6\libgcc.a(_muluhisi3.o)
 .debug_abbrev  0x00000000000012e1       0x14 c:/program files (x86)/avr-gcc-12.0.1/bin/../lib/gcc/avr/12.1.0/avr6\libgcc.a(_udivmodhi4.o)
 .debug_abbrev  0x00000000000012f5       0x14 c:/program files (x86)/avr-gcc-12.0.1/bin/../lib/gcc/avr/12.1.0/avr6\libgcc.a(_udivmodsi4.o)

.debug_line     0x0000000000000000     0x2078
 *(.debug_line .debug_line.* .debug_line_end)
 .debug_line    0x0000000000000000       0x1d c:/program files (x86)/avr-gcc-12.0.1/bin/../lib/gcc/avr/12.1.0/../../../../avr/lib/avr6/crtatmega2560.o
 .debug_line    0x000000000000001d       0x3f obj\Debug\fuse.o
 .debug_line    0x000000000000005c      0x3f9 obj\Debug\Gyro.o
 .debug_line    0x0000000000000455      0x2dd obj\Debug\H_bridge_1.o
 .debug_line    0x0000000000000732      0x2dd obj\Debug\H_bridge_2.o
 .debug_line    0x0000000000000a0f      0x90b obj\Debug\main.o
 .debug_line    0x000000000000131a      0x752 obj\Debug\Ultra_Sonic_Front.o
 .debug_line    0x0000000000001a6c       0xb7 c:/program files (x86)/avr-gcc-12.0.1/bin/../lib/gcc/avr/12.1.0/avr6\libgcc.a(_divmodhi4.o)
 .debug_line    0x0000000000001b23       0xbd c:/program files (x86)/avr-gcc-12.0.1/bin/../lib/gcc/avr/12.1.0/avr6\libgcc.a(_divmodsi4.o)
 .debug_line    0x0000000000001be0       0x51 c:/program files (x86)/avr-gcc-12.0.1/bin/../lib/gcc/avr/12.1.0/avr6\libgcc.a(_negsi2.o)
 .debug_line    0x0000000000001c31       0x51 c:/program files (x86)/avr-gcc-12.0.1/bin/../lib/gcc/avr/12.1.0/avr6\libgcc.a(_exit.o)
 .debug_line    0x0000000000001c82       0x93 c:/program files (x86)/avr-gcc-12.0.1/bin/../lib/gcc/avr/12.1.0/avr6\libgcc.a(_copy_data.o)
 .debug_line    0x0000000000001d15       0x75 c:/program files (x86)/avr-gcc-12.0.1/bin/../lib/gcc/avr/12.1.0/avr6\libgcc.a(_clear_bss.o)
 .debug_line    0x0000000000001d8a       0x9f c:/program files (x86)/avr-gcc-12.0.1/bin/../lib/gcc/avr/12.1.0/avr6\libgcc.a(_umulhisi3.o)
 .debug_line    0x0000000000001e29       0x81 c:/program files (x86)/avr-gcc-12.0.1/bin/../lib/gcc/avr/12.1.0/avr6\libgcc.a(_muluhisi3.o)
 .debug_line    0x0000000000001eaa       0xbd c:/program files (x86)/avr-gcc-12.0.1/bin/../lib/gcc/avr/12.1.0/avr6\libgcc.a(_udivmodhi4.o)
 .debug_line    0x0000000000001f67      0x111 c:/program files (x86)/avr-gcc-12.0.1/bin/../lib/gcc/avr/12.1.0/avr6\libgcc.a(_udivmodsi4.o)

.debug_frame    0x0000000000000000      0x7d0
 *(.debug_frame)
 .debug_frame   0x0000000000000000      0x234 obj\Debug\Gyro.o
 .debug_frame   0x0000000000000234      0x120 obj\Debug\H_bridge_1.o
 .debug_frame   0x0000000000000354      0x120 obj\Debug\H_bridge_2.o
 .debug_frame   0x0000000000000474      0x234 obj\Debug\main.o
 .debug_frame   0x00000000000006a8      0x128 obj\Debug\Ultra_Sonic_Front.o

.debug_str      0x0000000000000000      0x954
 *(.debug_str)
 .debug_str     0x0000000000000000      0x3e9 c:/program files (x86)/avr-gcc-12.0.1/bin/../lib/gcc/avr/12.1.0/../../../../avr/lib/avr6/crtatmega2560.o
 .debug_str     0x00000000000003e9       0xa5 obj\Debug\fuse.o
                                         0xd9 (size before relaxing)
 .debug_str     0x000000000000048e      0x155 obj\Debug\Gyro.o
                                        0x21d (size before relaxing)
 .debug_str     0x00000000000005e3       0x4c obj\Debug\H_bridge_1.o
                                        0x115 (size before relaxing)
 .debug_str     0x000000000000062f       0x43 obj\Debug\H_bridge_2.o
                                        0x115 (size before relaxing)
 .debug_str     0x0000000000000672      0x215 obj\Debug\main.o
                                        0x367 (size before relaxing)
 .debug_str     0x0000000000000887       0x6e obj\Debug\Ultra_Sonic_Front.o
                                        0x1be (size before relaxing)
 .debug_str     0x00000000000008f5       0x5f c:/program files (x86)/avr-gcc-12.0.1/bin/../lib/gcc/avr/12.1.0/avr6\libgcc.a(_divmodhi4.o)
 .debug_str     0x0000000000000954       0x5f c:/program files (x86)/avr-gcc-12.0.1/bin/../lib/gcc/avr/12.1.0/avr6\libgcc.a(_divmodsi4.o)
 .debug_str     0x0000000000000954       0x5f c:/program files (x86)/avr-gcc-12.0.1/bin/../lib/gcc/avr/12.1.0/avr6\libgcc.a(_negsi2.o)
 .debug_str     0x0000000000000954       0x5f c:/program files (x86)/avr-gcc-12.0.1/bin/../lib/gcc/avr/12.1.0/avr6\libgcc.a(_exit.o)
 .debug_str     0x0000000000000954       0x5f c:/program files (x86)/avr-gcc-12.0.1/bin/../lib/gcc/avr/12.1.0/avr6\libgcc.a(_copy_data.o)
 .debug_str     0x0000000000000954       0x5f c:/program files (x86)/avr-gcc-12.0.1/bin/../lib/gcc/avr/12.1.0/avr6\libgcc.a(_clear_bss.o)
 .debug_str     0x0000000000000954       0x5f c:/program files (x86)/avr-gcc-12.0.1/bin/../lib/gcc/avr/12.1.0/avr6\libgcc.a(_umulhisi3.o)
 .debug_str     0x0000000000000954       0x5f c:/program files (x86)/avr-gcc-12.0.1/bin/../lib/gcc/avr/12.1.0/avr6\libgcc.a(_muluhisi3.o)
 .debug_str     0x0000000000000954       0x5f c:/program files (x86)/avr-gcc-12.0.1/bin/../lib/gcc/avr/12.1.0/avr6\libgcc.a(_udivmodhi4.o)
 .debug_str     0x0000000000000954       0x5f c:/program files (x86)/avr-gcc-12.0.1/bin/../lib/gcc/avr/12.1.0/avr6\libgcc.a(_udivmodsi4.o)

.debug_loc
 *(.debug_loc)

.debug_macinfo
 *(.debug_macinfo)

.debug_weaknames
 *(.debug_weaknames)

.debug_funcnames
 *(.debug_funcnames)

.debug_typenames
 *(.debug_typenames)

.debug_varnames
 *(.debug_varnames)

.debug_pubtypes
 *(.debug_pubtypes)

.debug_ranges
 *(.debug_ranges)

.debug_addr
 *(.debug_addr)

.debug_line_str
                0x0000000000000000      0x1c3
 *(.debug_line_str)
 .debug_line_str
                0x0000000000000000       0x77 obj\Debug\fuse.o
                                         0xb8 (size before relaxing)
 .debug_line_str
                0x0000000000000077       0x42 obj\Debug\Gyro.o
                                         0xb6 (size before relaxing)
 .debug_line_str
                0x00000000000000b9        0xd obj\Debug\H_bridge_1.o
                                         0xc8 (size before relaxing)
 .debug_line_str
                0x00000000000000c6        0xd obj\Debug\H_bridge_2.o
                                         0xc8 (size before relaxing)
 .debug_line_str
                0x00000000000000d3       0x89 obj\Debug\main.o
                                        0x138 (size before relaxing)
 .debug_line_str
                0x000000000000015c       0x14 obj\Debug\Ultra_Sonic_Front.o
                                        0x12a (size before relaxing)
 .debug_line_str
                0x0000000000000170       0x53 c:/program files (x86)/avr-gcc-12.0.1/bin/../lib/gcc/avr/12.1.0/avr6\libgcc.a(_divmodhi4.o)
                                         0x5f (size before relaxing)
 .debug_line_str
                0x00000000000001c3       0x5f c:/program files (x86)/avr-gcc-12.0.1/bin/../lib/gcc/avr/12.1.0/avr6\libgcc.a(_divmodsi4.o)
 .debug_line_str
                0x00000000000001c3       0x5f c:/program files (x86)/avr-gcc-12.0.1/bin/../lib/gcc/avr/12.1.0/avr6\libgcc.a(_negsi2.o)
 .debug_line_str
                0x00000000000001c3       0x5f c:/program files (x86)/avr-gcc-12.0.1/bin/../lib/gcc/avr/12.1.0/avr6\libgcc.a(_exit.o)
 .debug_line_str
                0x00000000000001c3       0x5f c:/program files (x86)/avr-gcc-12.0.1/bin/../lib/gcc/avr/12.1.0/avr6\libgcc.a(_copy_data.o)
 .debug_line_str
                0x00000000000001c3       0x5f c:/program files (x86)/avr-gcc-12.0.1/bin/../lib/gcc/avr/12.1.0/avr6\libgcc.a(_clear_bss.o)
 .debug_line_str
                0x00000000000001c3       0x5f c:/program files (x86)/avr-gcc-12.0.1/bin/../lib/gcc/avr/12.1.0/avr6\libgcc.a(_umulhisi3.o)
 .debug_line_str
                0x00000000000001c3       0x5f c:/program files (x86)/avr-gcc-12.0.1/bin/../lib/gcc/avr/12.1.0/avr6\libgcc.a(_muluhisi3.o)
 .debug_line_str
                0x00000000000001c3       0x5f c:/program files (x86)/avr-gcc-12.0.1/bin/../lib/gcc/avr/12.1.0/avr6\libgcc.a(_udivmodhi4.o)
 .debug_line_str
                0x00000000000001c3       0x5f c:/program files (x86)/avr-gcc-12.0.1/bin/../lib/gcc/avr/12.1.0/avr6\libgcc.a(_udivmodsi4.o)

.debug_loclists
 *(.debug_loclists)

.debug_macro
 *(.debug_macro)

.debug_names
 *(.debug_names)

.debug_rnglists
 *(.debug_rnglists)

.debug_str_offsets
 *(.debug_str_offsets)

.debug_sup
 *(.debug_sup)
OUTPUT(bin\Debug\AVGcode.elf elf32-avr)
LOAD linker stubs

Cross Reference Table

Symbol                                            File
BoomDetectie                                      obj\Debug\main.o
DS_1                                              obj\Debug\Gyro.o
DS_2                                              obj\Debug\Gyro.o
GeluidSignaal                                     obj\Debug\main.o
GetDistanceFront                                  obj\Debug\Ultra_Sonic_Front.o
                                                  obj\Debug\main.o
GetDistanceLeft                                   obj\Debug\Ultra_Sonic_Front.o
                                                  obj\Debug\main.o
GetDistanceRight                                  obj\Debug\Ultra_Sonic_Front.o
                                                  obj\Debug\main.o
Gyro_count                                        obj\Debug\Gyro.o
I2C_Init                                          obj\Debug\Gyro.o
I2C_ReadACK                                       obj\Debug\Gyro.o
I2C_ReadNACK                                      obj\Debug\Gyro.o
I2C_Start                                         obj\Debug\Gyro.o
I2C_Stop                                          obj\Debug\Gyro.o
I2C_Write                                         obj\Debug\Gyro.o
KolomIR                                           obj\Debug\main.o
LightSwap                                         obj\Debug\main.o
MPU6050_Init                                      obj\Debug\Gyro.o
MPU6050_ReadGyro                                  obj\Debug\Gyro.o
MPU6050_WriteReg                                  obj\Debug\Gyro.o
ModeSwitch1                                       obj\Debug\main.o
ModeSwitch2                                       obj\Debug\main.o
Motor_1_set_power                                 obj\Debug\H_bridge_1.o
                                                  obj\Debug\main.o
Motor_2_set_power                                 obj\Debug\H_bridge_2.o
                                                  obj\Debug\main.o
Read_Gyro_X                                       obj\Debug\Gyro.o
Read_Gyro_Y                                       obj\Debug\Gyro.o
Read_Gyro_Z                                       obj\Debug\Gyro.o
RedSwitch                                         obj\Debug\main.o
TriggerPulseFront                                 obj\Debug\Ultra_Sonic_Front.o
TriggerPulseLeft                                  obj\Debug\Ultra_Sonic_Front.o
TriggerPulseRight                                 obj\Debug\Ultra_Sonic_Front.o
TurnTo                                            obj\Debug\main.o
UpdateHeading                                     obj\Debug\Gyro.o
                                                  obj\Debug\main.o
__FUSE_REGION_LENGTH__                            c:/program files (x86)/avr-gcc-12.0.1/bin/../lib/gcc/avr/12.1.0/../../../../avr/lib/avr6/crtatmega2560.o
__addsf3                                          c:/program files (x86)/avr-gcc-12.0.1/bin/../lib/gcc/avr/12.1.0/../../../../avr/lib/avr6\libm.a(addsf3.o)
                                                  obj\Debug\Gyro.o
__addsf3x                                         c:/program files (x86)/avr-gcc-12.0.1/bin/../lib/gcc/avr/12.1.0/../../../../avr/lib/avr6\libm.a(addsf3x.o)
                                                  c:/program files (x86)/avr-gcc-12.0.1/bin/../lib/gcc/avr/12.1.0/../../../../avr/lib/avr6\libm.a(addsf3.o)
__bad_interrupt                                   c:/program files (x86)/avr-gcc-12.0.1/bin/../lib/gcc/avr/12.1.0/../../../../avr/lib/avr6/crtatmega2560.o
__bss_end                                         c:/program files (x86)/avr-gcc-12.0.1/bin/../lib/gcc/avr/12.1.0/avr6\libgcc.a(_clear_bss.o)
__bss_start                                       c:/program files (x86)/avr-gcc-12.0.1/bin/../lib/gcc/avr/12.1.0/avr6\libgcc.a(_clear_bss.o)
__cmpsf2                                          c:/program files (x86)/avr-gcc-12.0.1/bin/../lib/gcc/avr/12.1.0/../../../../avr/lib/avr6\libm.a(cmpsf2.o)
__data_end                                        c:/program files (x86)/avr-gcc-12.0.1/bin/../lib/gcc/avr/12.1.0/avr6\libgcc.a(_copy_data.o)
__data_load_start                                 c:/program files (x86)/avr-gcc-12.0.1/bin/../lib/gcc/avr/12.1.0/avr6\libgcc.a(_copy_data.o)
__data_start                                      c:/program files (x86)/avr-gcc-12.0.1/bin/../lib/gcc/avr/12.1.0/avr6\libgcc.a(_copy_data.o)
__divmodhi4                                       c:/program files (x86)/avr-gcc-12.0.1/bin/../lib/gcc/avr/12.1.0/avr6\libgcc.a(_divmodhi4.o)
                                                  obj\Debug\main.o
__divmodsi4                                       c:/program files (x86)/avr-gcc-12.0.1/bin/../lib/gcc/avr/12.1.0/avr6\libgcc.a(_divmodsi4.o)
                                                  obj\Debug\H_bridge_2.o
                                                  obj\Debug\H_bridge_1.o
__divsf3                                          c:/program files (x86)/avr-gcc-12.0.1/bin/../lib/gcc/avr/12.1.0/../../../../avr/lib/avr6\libm.a(divsf3.o)
                                                  obj\Debug\Ultra_Sonic_Front.o
                                                  obj\Debug\Gyro.o
__divsf3_pse                                      c:/program files (x86)/avr-gcc-12.0.1/bin/../lib/gcc/avr/12.1.0/../../../../avr/lib/avr6\libm.a(divsf3x.o)
__divsf3x                                         c:/program files (x86)/avr-gcc-12.0.1/bin/../lib/gcc/avr/12.1.0/../../../../avr/lib/avr6\libm.a(divsf3x.o)
                                                  c:/program files (x86)/avr-gcc-12.0.1/bin/../lib/gcc/avr/12.1.0/../../../../avr/lib/avr6\libm.a(divsf3.o)
__do_clear_bss                                    c:/program files (x86)/avr-gcc-12.0.1/bin/../lib/gcc/avr/12.1.0/avr6\libgcc.a(_clear_bss.o)
                                                  obj\Debug\Ultra_Sonic_Front.o
                                                  obj\Debug\Gyro.o
__do_copy_data                                    c:/program files (x86)/avr-gcc-12.0.1/bin/../lib/gcc/avr/12.1.0/avr6\libgcc.a(_copy_data.o)
                                                  obj\Debug\main.o
__eqsf2                                           c:/program files (x86)/avr-gcc-12.0.1/bin/../lib/gcc/avr/12.1.0/../../../../avr/lib/avr6\libm.a(cmpsf2.o)
__fixsfsi                                         c:/program files (x86)/avr-gcc-12.0.1/bin/../lib/gcc/avr/12.1.0/../../../../avr/lib/avr6\libm.a(fixsfsi.o)
                                                  obj\Debug\Ultra_Sonic_Front.o
                                                  obj\Debug\main.o
__fixunssfsi                                      c:/program files (x86)/avr-gcc-12.0.1/bin/../lib/gcc/avr/12.1.0/../../../../avr/lib/avr6\libm.a(fixunssfsi.o)
                                                  c:/program files (x86)/avr-gcc-12.0.1/bin/../lib/gcc/avr/12.1.0/../../../../avr/lib/avr6\libm.a(fixsfsi.o)
                                                  obj\Debug\Ultra_Sonic_Front.o
                                                  obj\Debug\main.o
__floatsisf                                       c:/program files (x86)/avr-gcc-12.0.1/bin/../lib/gcc/avr/12.1.0/../../../../avr/lib/avr6\libm.a(floatsisf.o)
                                                  obj\Debug\Ultra_Sonic_Front.o
                                                  obj\Debug\main.o
                                                  obj\Debug\Gyro.o
__floatunsisf                                     c:/program files (x86)/avr-gcc-12.0.1/bin/../lib/gcc/avr/12.1.0/../../../../avr/lib/avr6\libm.a(floatsisf.o)
__fp_cmp                                          c:/program files (x86)/avr-gcc-12.0.1/bin/../lib/gcc/avr/12.1.0/../../../../avr/lib/avr6\libm.a(fp_cmp.o)
                                                  c:/program files (x86)/avr-gcc-12.0.1/bin/../lib/gcc/avr/12.1.0/../../../../avr/lib/avr6\libm.a(gesf2.o)
                                                  c:/program files (x86)/avr-gcc-12.0.1/bin/../lib/gcc/avr/12.1.0/../../../../avr/lib/avr6\libm.a(cmpsf2.o)
__fp_inf                                          c:/program files (x86)/avr-gcc-12.0.1/bin/../lib/gcc/avr/12.1.0/../../../../avr/lib/avr6\libm.a(fp_inf.o)
                                                  c:/program files (x86)/avr-gcc-12.0.1/bin/../lib/gcc/avr/12.1.0/../../../../avr/lib/avr6\libm.a(mulsf3x.o)
                                                  c:/program files (x86)/avr-gcc-12.0.1/bin/../lib/gcc/avr/12.1.0/../../../../avr/lib/avr6\libm.a(divsf3x.o)
                                                  c:/program files (x86)/avr-gcc-12.0.1/bin/../lib/gcc/avr/12.1.0/../../../../avr/lib/avr6\libm.a(addsf3x.o)
__fp_nan                                          c:/program files (x86)/avr-gcc-12.0.1/bin/../lib/gcc/avr/12.1.0/../../../../avr/lib/avr6\libm.a(fp_nan.o)
                                                  c:/program files (x86)/avr-gcc-12.0.1/bin/../lib/gcc/avr/12.1.0/../../../../avr/lib/avr6\libm.a(mulsf3x.o)
                                                  c:/program files (x86)/avr-gcc-12.0.1/bin/../lib/gcc/avr/12.1.0/../../../../avr/lib/avr6\libm.a(divsf3x.o)
                                                  c:/program files (x86)/avr-gcc-12.0.1/bin/../lib/gcc/avr/12.1.0/../../../../avr/lib/avr6\libm.a(addsf3x.o)
__fp_pscA                                         c:/program files (x86)/avr-gcc-12.0.1/bin/../lib/gcc/avr/12.1.0/../../../../avr/lib/avr6\libm.a(fp_pscA.o)
                                                  c:/program files (x86)/avr-gcc-12.0.1/bin/../lib/gcc/avr/12.1.0/../../../../avr/lib/avr6\libm.a(mulsf3x.o)
                                                  c:/program files (x86)/avr-gcc-12.0.1/bin/../lib/gcc/avr/12.1.0/../../../../avr/lib/avr6\libm.a(divsf3x.o)
                                                  c:/program files (x86)/avr-gcc-12.0.1/bin/../lib/gcc/avr/12.1.0/../../../../avr/lib/avr6\libm.a(addsf3x.o)
__fp_pscB                                         c:/program files (x86)/avr-gcc-12.0.1/bin/../lib/gcc/avr/12.1.0/../../../../avr/lib/avr6\libm.a(fp_pscB.o)
                                                  c:/program files (x86)/avr-gcc-12.0.1/bin/../lib/gcc/avr/12.1.0/../../../../avr/lib/avr6\libm.a(mulsf3x.o)
                                                  c:/program files (x86)/avr-gcc-12.0.1/bin/../lib/gcc/avr/12.1.0/../../../../avr/lib/avr6\libm.a(divsf3x.o)
                                                  c:/program files (x86)/avr-gcc-12.0.1/bin/../lib/gcc/avr/12.1.0/../../../../avr/lib/avr6\libm.a(addsf3x.o)
__fp_round                                        c:/program files (x86)/avr-gcc-12.0.1/bin/../lib/gcc/avr/12.1.0/../../../../avr/lib/avr6\libm.a(fp_round.o)
                                                  c:/program files (x86)/avr-gcc-12.0.1/bin/../lib/gcc/avr/12.1.0/../../../../avr/lib/avr6\libm.a(mulsf3.o)
                                                  c:/program files (x86)/avr-gcc-12.0.1/bin/../lib/gcc/avr/12.1.0/../../../../avr/lib/avr6\libm.a(divsf3.o)
                                                  c:/program files (x86)/avr-gcc-12.0.1/bin/../lib/gcc/avr/12.1.0/../../../../avr/lib/avr6\libm.a(addsf3.o)
__fp_split3                                       c:/program files (x86)/avr-gcc-12.0.1/bin/../lib/gcc/avr/12.1.0/../../../../avr/lib/avr6\libm.a(fp_split3.o)
                                                  c:/program files (x86)/avr-gcc-12.0.1/bin/../lib/gcc/avr/12.1.0/../../../../avr/lib/avr6\libm.a(mulsf3x.o)
                                                  c:/program files (x86)/avr-gcc-12.0.1/bin/../lib/gcc/avr/12.1.0/../../../../avr/lib/avr6\libm.a(divsf3x.o)
                                                  c:/program files (x86)/avr-gcc-12.0.1/bin/../lib/gcc/avr/12.1.0/../../../../avr/lib/avr6\libm.a(addsf3x.o)
__fp_splitA                                       c:/program files (x86)/avr-gcc-12.0.1/bin/../lib/gcc/avr/12.1.0/../../../../avr/lib/avr6\libm.a(fp_split3.o)
                                                  c:/program files (x86)/avr-gcc-12.0.1/bin/../lib/gcc/avr/12.1.0/../../../../avr/lib/avr6\libm.a(fixunssfsi.o)
__fp_szero                                        c:/program files (x86)/avr-gcc-12.0.1/bin/../lib/gcc/avr/12.1.0/../../../../avr/lib/avr6\libm.a(fp_zero.o)
                                                  c:/program files (x86)/avr-gcc-12.0.1/bin/../lib/gcc/avr/12.1.0/../../../../avr/lib/avr6\libm.a(mulsf3x.o)
                                                  c:/program files (x86)/avr-gcc-12.0.1/bin/../lib/gcc/avr/12.1.0/../../../../avr/lib/avr6\libm.a(fixsfsi.o)
                                                  c:/program files (x86)/avr-gcc-12.0.1/bin/../lib/gcc/avr/12.1.0/../../../../avr/lib/avr6\libm.a(divsf3x.o)
__fp_zero                                         c:/program files (x86)/avr-gcc-12.0.1/bin/../lib/gcc/avr/12.1.0/../../../../avr/lib/avr6\libm.a(fp_zero.o)
                                                  c:/program files (x86)/avr-gcc-12.0.1/bin/../lib/gcc/avr/12.1.0/../../../../avr/lib/avr6\libm.a(fixunssfsi.o)
                                                  c:/program files (x86)/avr-gcc-12.0.1/bin/../lib/gcc/avr/12.1.0/../../../../avr/lib/avr6\libm.a(addsf3x.o)
__fuse                                            obj\Debug\fuse.o
__gesf2                                           c:/program files (x86)/avr-gcc-12.0.1/bin/../lib/gcc/avr/12.1.0/../../../../avr/lib/avr6\libm.a(gesf2.o)
__gtsf2                                           c:/program files (x86)/avr-gcc-12.0.1/bin/../lib/gcc/avr/12.1.0/../../../../avr/lib/avr6\libm.a(gesf2.o)
                                                  obj\Debug\Ultra_Sonic_Front.o
                                                  obj\Debug\main.o
__heap_end                                        c:/program files (x86)/avr-gcc-12.0.1/bin/../lib/gcc/avr/12.1.0/../../../../avr/lib/avr6/crtatmega2560.o
__init                                            c:/program files (x86)/avr-gcc-12.0.1/bin/../lib/gcc/avr/12.1.0/../../../../avr/lib/avr6/crtatmega2560.o
__lesf2                                           c:/program files (x86)/avr-gcc-12.0.1/bin/../lib/gcc/avr/12.1.0/../../../../avr/lib/avr6\libm.a(cmpsf2.o)
__ltsf2                                           c:/program files (x86)/avr-gcc-12.0.1/bin/../lib/gcc/avr/12.1.0/../../../../avr/lib/avr6\libm.a(cmpsf2.o)
                                                  obj\Debug\Ultra_Sonic_Front.o
                                                  obj\Debug\main.o
__mulsf3                                          c:/program files (x86)/avr-gcc-12.0.1/bin/../lib/gcc/avr/12.1.0/../../../../avr/lib/avr6\libm.a(mulsf3.o)
                                                  obj\Debug\Ultra_Sonic_Front.o
                                                  obj\Debug\main.o
                                                  obj\Debug\Gyro.o
__mulsf3_pse                                      c:/program files (x86)/avr-gcc-12.0.1/bin/../lib/gcc/avr/12.1.0/../../../../avr/lib/avr6\libm.a(mulsf3x.o)
__mulsf3x                                         c:/program files (x86)/avr-gcc-12.0.1/bin/../lib/gcc/avr/12.1.0/../../../../avr/lib/avr6\libm.a(mulsf3x.o)
                                                  c:/program files (x86)/avr-gcc-12.0.1/bin/../lib/gcc/avr/12.1.0/../../../../avr/lib/avr6\libm.a(mulsf3.o)
__muluhisi3                                       c:/program files (x86)/avr-gcc-12.0.1/bin/../lib/gcc/avr/12.1.0/avr6\libgcc.a(_muluhisi3.o)
                                                  obj\Debug\H_bridge_2.o
                                                  obj\Debug\H_bridge_1.o
__negsi2                                          c:/program files (x86)/avr-gcc-12.0.1/bin/../lib/gcc/avr/12.1.0/avr6\libgcc.a(_negsi2.o)
                                                  c:/program files (x86)/avr-gcc-12.0.1/bin/../lib/gcc/avr/12.1.0/avr6\libgcc.a(_divmodsi4.o)
__nesf2                                           c:/program files (x86)/avr-gcc-12.0.1/bin/../lib/gcc/avr/12.1.0/../../../../avr/lib/avr6\libm.a(cmpsf2.o)
__stack                                           c:/program files (x86)/avr-gcc-12.0.1/bin/../lib/gcc/avr/12.1.0/../../../../avr/lib/avr6/crtatmega2560.o
__subsf3                                          c:/program files (x86)/avr-gcc-12.0.1/bin/../lib/gcc/avr/12.1.0/../../../../avr/lib/avr6\libm.a(addsf3.o)
                                                  obj\Debug\main.o
__udivmodhi4                                      c:/program files (x86)/avr-gcc-12.0.1/bin/../lib/gcc/avr/12.1.0/avr6\libgcc.a(_udivmodhi4.o)
                                                  c:/program files (x86)/avr-gcc-12.0.1/bin/../lib/gcc/avr/12.1.0/avr6\libgcc.a(_divmodhi4.o)
__udivmodsi4                                      c:/program files (x86)/avr-gcc-12.0.1/bin/../lib/gcc/avr/12.1.0/avr6\libgcc.a(_udivmodsi4.o)
                                                  c:/program files (x86)/avr-gcc-12.0.1/bin/../lib/gcc/avr/12.1.0/avr6\libgcc.a(_divmodsi4.o)
__umulhisi3                                       c:/program files (x86)/avr-gcc-12.0.1/bin/../lib/gcc/avr/12.1.0/avr6\libgcc.a(_umulhisi3.o)
                                                  c:/program files (x86)/avr-gcc-12.0.1/bin/../lib/gcc/avr/12.1.0/avr6\libgcc.a(_muluhisi3.o)
                                                  obj\Debug\main.o
__vector_1                                        c:/program files (x86)/avr-gcc-12.0.1/bin/../lib/gcc/avr/12.1.0/../../../../avr/lib/avr6/crtatmega2560.o
__vector_10                                       c:/program files (x86)/avr-gcc-12.0.1/bin/../lib/gcc/avr/12.1.0/../../../../avr/lib/avr6/crtatmega2560.o
__vector_11                                       c:/program files (x86)/avr-gcc-12.0.1/bin/../lib/gcc/avr/12.1.0/../../../../avr/lib/avr6/crtatmega2560.o
__vector_12                                       c:/program files (x86)/avr-gcc-12.0.1/bin/../lib/gcc/avr/12.1.0/../../../../avr/lib/avr6/crtatmega2560.o
__vector_13                                       c:/program files (x86)/avr-gcc-12.0.1/bin/../lib/gcc/avr/12.1.0/../../../../avr/lib/avr6/crtatmega2560.o
__vector_14                                       c:/program files (x86)/avr-gcc-12.0.1/bin/../lib/gcc/avr/12.1.0/../../../../avr/lib/avr6/crtatmega2560.o
__vector_15                                       obj\Debug\Ultra_Sonic_Front.o
                                                  c:/program files (x86)/avr-gcc-12.0.1/bin/../lib/gcc/avr/12.1.0/../../../../avr/lib/avr6/crtatmega2560.o
__vector_16                                       c:/program files (x86)/avr-gcc-12.0.1/bin/../lib/gcc/avr/12.1.0/../../../../avr/lib/avr6/crtatmega2560.o
__vector_17                                       obj\Debug\H_bridge_1.o
                                                  c:/program files (x86)/avr-gcc-12.0.1/bin/../lib/gcc/avr/12.1.0/../../../../avr/lib/avr6/crtatmega2560.o
__vector_18                                       obj\Debug\H_bridge_1.o
                                                  c:/program files (x86)/avr-gcc-12.0.1/bin/../lib/gcc/avr/12.1.0/../../../../avr/lib/avr6/crtatmega2560.o
__vector_19                                       c:/program files (x86)/avr-gcc-12.0.1/bin/../lib/gcc/avr/12.1.0/../../../../avr/lib/avr6/crtatmega2560.o
__vector_2                                        c:/program files (x86)/avr-gcc-12.0.1/bin/../lib/gcc/avr/12.1.0/../../../../avr/lib/avr6/crtatmega2560.o
__vector_20                                       obj\Debug\H_bridge_1.o
                                                  c:/program files (x86)/avr-gcc-12.0.1/bin/../lib/gcc/avr/12.1.0/../../../../avr/lib/avr6/crtatmega2560.o
__vector_21                                       c:/program files (x86)/avr-gcc-12.0.1/bin/../lib/gcc/avr/12.1.0/../../../../avr/lib/avr6/crtatmega2560.o
__vector_22                                       c:/program files (x86)/avr-gcc-12.0.1/bin/../lib/gcc/avr/12.1.0/../../../../avr/lib/avr6/crtatmega2560.o
__vector_23                                       obj\Debug\Gyro.o
                                                  c:/program files (x86)/avr-gcc-12.0.1/bin/../lib/gcc/avr/12.1.0/../../../../avr/lib/avr6/crtatmega2560.o
__vector_24                                       c:/program files (x86)/avr-gcc-12.0.1/bin/../lib/gcc/avr/12.1.0/../../../../avr/lib/avr6/crtatmega2560.o
__vector_25                                       c:/program files (x86)/avr-gcc-12.0.1/bin/../lib/gcc/avr/12.1.0/../../../../avr/lib/avr6/crtatmega2560.o
__vector_26                                       c:/program files (x86)/avr-gcc-12.0.1/bin/../lib/gcc/avr/12.1.0/../../../../avr/lib/avr6/crtatmega2560.o
__vector_27                                       c:/program files (x86)/avr-gcc-12.0.1/bin/../lib/gcc/avr/12.1.0/../../../../avr/lib/avr6/crtatmega2560.o
__vector_28                                       c:/program files (x86)/avr-gcc-12.0.1/bin/../lib/gcc/avr/12.1.0/../../../../avr/lib/avr6/crtatmega2560.o
__vector_29                                       c:/program files (x86)/avr-gcc-12.0.1/bin/../lib/gcc/avr/12.1.0/../../../../avr/lib/avr6/crtatmega2560.o
__vector_3                                        c:/program files (x86)/avr-gcc-12.0.1/bin/../lib/gcc/avr/12.1.0/../../../../avr/lib/avr6/crtatmega2560.o
__vector_30                                       c:/program files (x86)/avr-gcc-12.0.1/bin/../lib/gcc/avr/12.1.0/../../../../avr/lib/avr6/crtatmega2560.o
__vector_31                                       c:/program files (x86)/avr-gcc-12.0.1/bin/../lib/gcc/avr/12.1.0/../../../../avr/lib/avr6/crtatmega2560.o
__vector_32                                       obj\Debug\H_bridge_2.o
                                                  c:/program files (x86)/avr-gcc-12.0.1/bin/../lib/gcc/avr/12.1.0/../../../../avr/lib/avr6/crtatmega2560.o
__vector_33                                       obj\Debug\H_bridge_2.o
                                                  c:/program files (x86)/avr-gcc-12.0.1/bin/../lib/gcc/avr/12.1.0/../../../../avr/lib/avr6/crtatmega2560.o
__vector_34                                       c:/program files (x86)/avr-gcc-12.0.1/bin/../lib/gcc/avr/12.1.0/../../../../avr/lib/avr6/crtatmega2560.o
__vector_35                                       obj\Debug\H_bridge_2.o
                                                  c:/program files (x86)/avr-gcc-12.0.1/bin/../lib/gcc/avr/12.1.0/../../../../avr/lib/avr6/crtatmega2560.o
__vector_36                                       c:/program files (x86)/avr-gcc-12.0.1/bin/../lib/gcc/avr/12.1.0/../../../../avr/lib/avr6/crtatmega2560.o
__vector_37                                       c:/program files (x86)/avr-gcc-12.0.1/bin/../lib/gcc/avr/12.1.0/../../../../avr/lib/avr6/crtatmega2560.o
__vector_38                                       c:/program files (x86)/avr-gcc-12.0.1/bin/../lib/gcc/avr/12.1.0/../../../../avr/lib/avr6/crtatmega2560.o
__vector_39                                       c:/program files (x86)/avr-gcc-12.0.1/bin/../lib/gcc/avr/12.1.0/../../../../avr/lib/avr6/crtatmega2560.o
__vector_4                                        c:/program files (x86)/avr-gcc-12.0.1/bin/../lib/gcc/avr/12.1.0/../../../../avr/lib/avr6/crtatmega2560.o
__vector_40                                       c:/program files (x86)/avr-gcc-12.0.1/bin/../lib/gcc/avr/12.1.0/../../../../avr/lib/avr6/crtatmega2560.o
__vector_41                                       c:/program files (x86)/avr-gcc-12.0.1/bin/../lib/gcc/avr/12.1.0/../../../../avr/lib/avr6/crtatmega2560.o
__vector_42                                       c:/program files (x86)/avr-gcc-12.0.1/bin/../lib/gcc/avr/12.1.0/../../../../avr/lib/avr6/crtatmega2560.o
__vector_43                                       c:/program files (x86)/avr-gcc-12.0.1/bin/../lib/gcc/avr/12.1.0/../../../../avr/lib/avr6/crtatmega2560.o
__vector_44                                       c:/program files (x86)/avr-gcc-12.0.1/bin/../lib/gcc/avr/12.1.0/../../../../avr/lib/avr6/crtatmega2560.o
__vector_45                                       c:/program files (x86)/avr-gcc-12.0.1/bin/../lib/gcc/avr/12.1.0/../../../../avr/lib/avr6/crtatmega2560.o
__vector_46                                       c:/program files (x86)/avr-gcc-12.0.1/bin/../lib/gcc/avr/12.1.0/../../../../avr/lib/avr6/crtatmega2560.o
__vector_47                                       c:/program files (x86)/avr-gcc-12.0.1/bin/../lib/gcc/avr/12.1.0/../../../../avr/lib/avr6/crtatmega2560.o
__vector_48                                       c:/program files (x86)/avr-gcc-12.0.1/bin/../lib/gcc/avr/12.1.0/../../../../avr/lib/avr6/crtatmega2560.o
__vector_49                                       c:/program files (x86)/avr-gcc-12.0.1/bin/../lib/gcc/avr/12.1.0/../../../../avr/lib/avr6/crtatmega2560.o
__vector_5                                        c:/program files (x86)/avr-gcc-12.0.1/bin/../lib/gcc/avr/12.1.0/../../../../avr/lib/avr6/crtatmega2560.o
__vector_50                                       c:/program files (x86)/avr-gcc-12.0.1/bin/../lib/gcc/avr/12.1.0/../../../../avr/lib/avr6/crtatmega2560.o
__vector_51                                       c:/program files (x86)/avr-gcc-12.0.1/bin/../lib/gcc/avr/12.1.0/../../../../avr/lib/avr6/crtatmega2560.o
__vector_52                                       c:/program files (x86)/avr-gcc-12.0.1/bin/../lib/gcc/avr/12.1.0/../../../../avr/lib/avr6/crtatmega2560.o
__vector_53                                       c:/program files (x86)/avr-gcc-12.0.1/bin/../lib/gcc/avr/12.1.0/../../../../avr/lib/avr6/crtatmega2560.o
__vector_54                                       c:/program files (x86)/avr-gcc-12.0.1/bin/../lib/gcc/avr/12.1.0/../../../../avr/lib/avr6/crtatmega2560.o
__vector_55                                       c:/program files (x86)/avr-gcc-12.0.1/bin/../lib/gcc/avr/12.1.0/../../../../avr/lib/avr6/crtatmega2560.o
__vector_56                                       c:/program files (x86)/avr-gcc-12.0.1/bin/../lib/gcc/avr/12.1.0/../../../../avr/lib/avr6/crtatmega2560.o
__vector_6                                        c:/program files (x86)/avr-gcc-12.0.1/bin/../lib/gcc/avr/12.1.0/../../../../avr/lib/avr6/crtatmega2560.o
__vector_7                                        c:/program files (x86)/avr-gcc-12.0.1/bin/../lib/gcc/avr/12.1.0/../../../../avr/lib/avr6/crtatmega2560.o
__vector_8                                        c:/program files (x86)/avr-gcc-12.0.1/bin/../lib/gcc/avr/12.1.0/../../../../avr/lib/avr6/crtatmega2560.o
__vector_9                                        c:/program files (x86)/avr-gcc-12.0.1/bin/../lib/gcc/avr/12.1.0/../../../../avr/lib/avr6/crtatmega2560.o
__vector_default                                  c:/program files (x86)/avr-gcc-12.0.1/bin/../lib/gcc/avr/12.1.0/../../../../avr/lib/avr6/crtatmega2560.o
__vectors                                         c:/program files (x86)/avr-gcc-12.0.1/bin/../lib/gcc/avr/12.1.0/../../../../avr/lib/avr6/crtatmega2560.o
_div                                              c:/program files (x86)/avr-gcc-12.0.1/bin/../lib/gcc/avr/12.1.0/avr6\libgcc.a(_divmodhi4.o)
_exit                                             c:/program files (x86)/avr-gcc-12.0.1/bin/../lib/gcc/avr/12.1.0/avr6\libgcc.a(_exit.o)
count                                             obj\Debug\Ultra_Sonic_Front.o
display                                           obj\Debug\main.o
display_getal                                     obj\Debug\main.o
exit                                              c:/program files (x86)/avr-gcc-12.0.1/bin/../lib/gcc/avr/12.1.0/avr6\libgcc.a(_exit.o)
                                                  c:/program files (x86)/avr-gcc-12.0.1/bin/../lib/gcc/avr/12.1.0/../../../../avr/lib/avr6/crtatmega2560.o
init                                              obj\Debug\main.o
initTimer                                         obj\Debug\main.o
initTimerGyro                                     obj\Debug\Gyro.o
init_Gyro                                         obj\Debug\Gyro.o
                                                  obj\Debug\main.o
init_SonicSensors                                 obj\Debug\Ultra_Sonic_Front.o
                                                  obj\Debug\main.o
init_display_meneer                               obj\Debug\main.o
init_motor_1                                      obj\Debug\H_bridge_1.o
                                                  obj\Debug\main.o
init_motor_2                                      obj\Debug\H_bridge_2.o
                                                  obj\Debug\main.o
main                                              obj\Debug\main.o
                                                  c:/program files (x86)/avr-gcc-12.0.1/bin/../lib/gcc/avr/12.1.0/../../../../avr/lib/avr6/crtatmega2560.o
send_data                                         obj\Debug\main.o
send_enable                                       obj\Debug\main.o
wait_ms                                           obj\Debug\main.o
